Archive member included to satisfy reference by file (symbol)

c:/program files (x86)/atollic/truestudio for stm32 9.0.1/armtools/bin/../lib/gcc/arm-atollic-eabi/6.3.1/../../../../arm-atollic-eabi/lib/armv7e-m/fpu\libc_nano.a(lib_a-init.o)
                              startup\startup_stm32f407xx.o (__libc_init_array)
c:/program files (x86)/atollic/truestudio for stm32 9.0.1/armtools/bin/../lib/gcc/arm-atollic-eabi/6.3.1/../../../../arm-atollic-eabi/lib/armv7e-m/fpu\libc_nano.a(lib_a-malloc.o)
                              Middlewares\ST\STM32_USB_Host_Library\Class\MSC\Src\usbh_msc.o (malloc)
c:/program files (x86)/atollic/truestudio for stm32 9.0.1/armtools/bin/../lib/gcc/arm-atollic-eabi/6.3.1/../../../../arm-atollic-eabi/lib/armv7e-m/fpu\libc_nano.a(lib_a-memcpy-stub.o)
                              Middlewares\ST\STM32_USB_Host_Library\Class\MSC\Src\usbh_msc.o (memcpy)
c:/program files (x86)/atollic/truestudio for stm32 9.0.1/armtools/bin/../lib/gcc/arm-atollic-eabi/6.3.1/../../../../arm-atollic-eabi/lib/armv7e-m/fpu\libc_nano.a(lib_a-memset.o)
                              Middlewares\ST\STM32_USB_Host_Library\Class\MSC\Src\usbh_msc.o (memset)
c:/program files (x86)/atollic/truestudio for stm32 9.0.1/armtools/bin/../lib/gcc/arm-atollic-eabi/6.3.1/../../../../arm-atollic-eabi/lib/armv7e-m/fpu\libc_nano.a(lib_a-nano-freer.o)
                              c:/program files (x86)/atollic/truestudio for stm32 9.0.1/armtools/bin/../lib/gcc/arm-atollic-eabi/6.3.1/../../../../arm-atollic-eabi/lib/armv7e-m/fpu\libc_nano.a(lib_a-malloc.o) (_free_r)
c:/program files (x86)/atollic/truestudio for stm32 9.0.1/armtools/bin/../lib/gcc/arm-atollic-eabi/6.3.1/../../../../arm-atollic-eabi/lib/armv7e-m/fpu\libc_nano.a(lib_a-nano-mallocr.o)
                              c:/program files (x86)/atollic/truestudio for stm32 9.0.1/armtools/bin/../lib/gcc/arm-atollic-eabi/6.3.1/../../../../arm-atollic-eabi/lib/armv7e-m/fpu\libc_nano.a(lib_a-malloc.o) (_malloc_r)
c:/program files (x86)/atollic/truestudio for stm32 9.0.1/armtools/bin/../lib/gcc/arm-atollic-eabi/6.3.1/../../../../arm-atollic-eabi/lib/armv7e-m/fpu\libc_nano.a(lib_a-sbrkr.o)
                              c:/program files (x86)/atollic/truestudio for stm32 9.0.1/armtools/bin/../lib/gcc/arm-atollic-eabi/6.3.1/../../../../arm-atollic-eabi/lib/armv7e-m/fpu\libc_nano.a(lib_a-nano-mallocr.o) (_sbrk_r)
c:/program files (x86)/atollic/truestudio for stm32 9.0.1/armtools/bin/../lib/gcc/arm-atollic-eabi/6.3.1/../../../../arm-atollic-eabi/lib/armv7e-m/fpu\libc_nano.a(lib_a-impure.o)
                              c:/program files (x86)/atollic/truestudio for stm32 9.0.1/armtools/bin/../lib/gcc/arm-atollic-eabi/6.3.1/../../../../arm-atollic-eabi/lib/armv7e-m/fpu\libc_nano.a(lib_a-malloc.o) (_impure_ptr)
c:/program files (x86)/atollic/truestudio for stm32 9.0.1/armtools/bin/../lib/gcc/arm-atollic-eabi/6.3.1/../../../../arm-atollic-eabi/lib/armv7e-m/fpu\libc_nano.a(lib_a-mlock.o)
                              c:/program files (x86)/atollic/truestudio for stm32 9.0.1/armtools/bin/../lib/gcc/arm-atollic-eabi/6.3.1/../../../../arm-atollic-eabi/lib/armv7e-m/fpu\libc_nano.a(lib_a-nano-freer.o) (__malloc_lock)
c:/program files (x86)/atollic/truestudio for stm32 9.0.1/armtools/bin/../lib/gcc/arm-atollic-eabi/6.3.1/../../../../arm-atollic-eabi/lib/armv7e-m/fpu\libc_nano.a(lib_a-reent.o)
                              c:/program files (x86)/atollic/truestudio for stm32 9.0.1/armtools/bin/../lib/gcc/arm-atollic-eabi/6.3.1/../../../../arm-atollic-eabi/lib/armv7e-m/fpu\libc_nano.a(lib_a-sbrkr.o) (errno)
c:/program files (x86)/atollic/truestudio for stm32 9.0.1/armtools/bin/../lib/gcc/arm-atollic-eabi/6.3.1/armv7e-m/fpu\libgcc.a(_aeabi_uldivmod.o)
                              Drivers\STM32F4xx_HAL_Driver\Src\stm32f4xx_hal_rcc.o (__aeabi_uldivmod)
c:/program files (x86)/atollic/truestudio for stm32 9.0.1/armtools/bin/../lib/gcc/arm-atollic-eabi/6.3.1/armv7e-m/fpu\libgcc.a(_udivmoddi4.o)
                              c:/program files (x86)/atollic/truestudio for stm32 9.0.1/armtools/bin/../lib/gcc/arm-atollic-eabi/6.3.1/armv7e-m/fpu\libgcc.a(_aeabi_uldivmod.o) (__udivmoddi4)
c:/program files (x86)/atollic/truestudio for stm32 9.0.1/armtools/bin/../lib/gcc/arm-atollic-eabi/6.3.1/armv7e-m/fpu\libgcc.a(_dvmd_tls.o)
                              c:/program files (x86)/atollic/truestudio for stm32 9.0.1/armtools/bin/../lib/gcc/arm-atollic-eabi/6.3.1/armv7e-m/fpu\libgcc.a(_aeabi_uldivmod.o) (__aeabi_ldiv0)
c:/program files (x86)/atollic/truestudio for stm32 9.0.1/armtools/bin/../lib/gcc/arm-atollic-eabi/6.3.1/../../../../arm-atollic-eabi/lib/armv7e-m/fpu\libnosys.a(sbrk.o)
                              c:/program files (x86)/atollic/truestudio for stm32 9.0.1/armtools/bin/../lib/gcc/arm-atollic-eabi/6.3.1/../../../../arm-atollic-eabi/lib/armv7e-m/fpu\libc_nano.a(lib_a-sbrkr.o) (_sbrk)

Allocating common symbols
Common symbol       size              file

[...]
Memory Configuration

Name             Origin             Length             Attributes
RAM              0x20000000         0x00020000         xrw
CCMRAM           0x10000000         0x00010000         rw
FLASH            0x08000000         0x00100000         xr
*default*        0x00000000         0xffffffff

Linker script and memory map

LOAD c:/program files (x86)/atollic/truestudio for stm32 9.0.1/armtools/bin/../lib/gcc/arm-atollic-eabi/6.3.1/armv7e-m/fpu/crti.o
LOAD c:/program files (x86)/atollic/truestudio for stm32 9.0.1/armtools/bin/../lib/gcc/arm-atollic-eabi/6.3.1/armv7e-m/fpu/crtbegin.o
LOAD Core\Src\gpio.o
LOAD Core\Src\i2c.o
LOAD Core\Src\i2s.o
LOAD Core\Src\main.o
LOAD Core\Src\spi.o
LOAD Core\Src\stm32f4xx_hal_msp.o
LOAD Core\Src\stm32f4xx_it.o
LOAD Core\Src\system_stm32f4xx.o
LOAD Drivers\STM32F4xx_HAL_Driver\Src\stm32f4xx_hal.o
LOAD Drivers\STM32F4xx_HAL_Driver\Src\stm32f4xx_hal_cortex.o
LOAD Drivers\STM32F4xx_HAL_Driver\Src\stm32f4xx_hal_dma.o
LOAD Drivers\STM32F4xx_HAL_Driver\Src\stm32f4xx_hal_dma_ex.o
LOAD Drivers\STM32F4xx_HAL_Driver\Src\stm32f4xx_hal_flash.o
LOAD Drivers\STM32F4xx_HAL_Driver\Src\stm32f4xx_hal_flash_ex.o
LOAD Drivers\STM32F4xx_HAL_Driver\Src\stm32f4xx_hal_flash_ramfunc.o
LOAD Drivers\STM32F4xx_HAL_Driver\Src\stm32f4xx_hal_gpio.o
LOAD Drivers\STM32F4xx_HAL_Driver\Src\stm32f4xx_hal_hcd.o
LOAD Drivers\STM32F4xx_HAL_Driver\Src\stm32f4xx_hal_i2c.o
LOAD Drivers\STM32F4xx_HAL_Driver\Src\stm32f4xx_hal_i2c_ex.o
LOAD Drivers\STM32F4xx_HAL_Driver\Src\stm32f4xx_hal_i2s.o
LOAD Drivers\STM32F4xx_HAL_Driver\Src\stm32f4xx_hal_i2s_ex.o
LOAD Drivers\STM32F4xx_HAL_Driver\Src\stm32f4xx_hal_pwr.o
LOAD Drivers\STM32F4xx_HAL_Driver\Src\stm32f4xx_hal_pwr_ex.o
LOAD Drivers\STM32F4xx_HAL_Driver\Src\stm32f4xx_hal_rcc.o
LOAD Drivers\STM32F4xx_HAL_Driver\Src\stm32f4xx_hal_rcc_ex.o
LOAD Drivers\STM32F4xx_HAL_Driver\Src\stm32f4xx_hal_spi.o
LOAD Drivers\STM32F4xx_HAL_Driver\Src\stm32f4xx_hal_tim.o
LOAD Drivers\STM32F4xx_HAL_Driver\Src\stm32f4xx_hal_tim_ex.o
LOAD Drivers\STM32F4xx_HAL_Driver\Src\stm32f4xx_ll_usb.o
LOAD FATFS\fatfs.o
LOAD FATFS\usbh_diskio.o
LOAD Middlewares\ST\STM32_USB_Host_Library\Class\MSC\Src\usbh_msc.o
LOAD Middlewares\ST\STM32_USB_Host_Library\Class\MSC\Src\usbh_msc_bot.o
LOAD Middlewares\ST\STM32_USB_Host_Library\Class\MSC\Src\usbh_msc_scsi.o
LOAD Middlewares\ST\STM32_USB_Host_Library\Core\Src\usbh_core.o
LOAD Middlewares\ST\STM32_USB_Host_Library\Core\Src\usbh_ctlreq.o
LOAD Middlewares\ST\STM32_USB_Host_Library\Core\Src\usbh_ioreq.o
LOAD Middlewares\ST\STM32_USB_Host_Library\Core\Src\usbh_pipes.o
LOAD Middlewares\Third_Party\FatFs\src\diskio.o
LOAD Middlewares\Third_Party\FatFs\src\ff.o
LOAD Middlewares\Third_Party\FatFs\src\ff_gen_drv.o
LOAD Middlewares\Third_Party\FatFs\src\option\syscall.o
LOAD USB_HOST\Target\usbh_platform.o
LOAD USB_HOST\usb_host.o
LOAD USB_HOST\usbh_conf.o
LOAD startup\startup_stm32f407xx.o
                0x00000080                malloc_getpagesize_P = 0x80
START GROUP
LOAD c:/program files (x86)/atollic/truestudio for stm32 9.0.1/armtools/bin/../lib/gcc/arm-atollic-eabi/6.3.1/../../../../arm-atollic-eabi/lib/armv7e-m/fpu\libc_nano.a
LOAD c:/program files (x86)/atollic/truestudio for stm32 9.0.1/armtools/bin/../lib/gcc/arm-atollic-eabi/6.3.1/../../../../arm-atollic-eabi/lib/armv7e-m/fpu\libm.a
END GROUP
START GROUP
LOAD c:/program files (x86)/atollic/truestudio for stm32 9.0.1/armtools/bin/../lib/gcc/arm-atollic-eabi/6.3.1/armv7e-m/fpu\libgcc.a
LOAD c:/program files (x86)/atollic/truestudio for stm32 9.0.1/armtools/bin/../lib/gcc/arm-atollic-eabi/6.3.1/../../../../arm-atollic-eabi/lib/armv7e-m/fpu\libc_nano.a
END GROUP
START GROUP
LOAD c:/program files (x86)/atollic/truestudio for stm32 9.0.1/armtools/bin/../lib/gcc/arm-atollic-eabi/6.3.1/armv7e-m/fpu\libgcc.a
LOAD c:/program files (x86)/atollic/truestudio for stm32 9.0.1/armtools/bin/../lib/gcc/arm-atollic-eabi/6.3.1/../../../../arm-atollic-eabi/lib/armv7e-m/fpu\libc_nano.a
LOAD c:/program files (x86)/atollic/truestudio for stm32 9.0.1/armtools/bin/../lib/gcc/arm-atollic-eabi/6.3.1/../../../../arm-atollic-eabi/lib/armv7e-m/fpu\libnosys.a
END GROUP
START GROUP
LOAD c:/program files (x86)/atollic/truestudio for stm32 9.0.1/armtools/bin/../lib/gcc/arm-atollic-eabi/6.3.1/armv7e-m/fpu\libgcc.a
LOAD c:/program files (x86)/atollic/truestudio for stm32 9.0.1/armtools/bin/../lib/gcc/arm-atollic-eabi/6.3.1/../../../../arm-atollic-eabi/lib/armv7e-m/fpu\libc_nano.a
LOAD c:/program files (x86)/atollic/truestudio for stm32 9.0.1/armtools/bin/../lib/gcc/arm-atollic-eabi/6.3.1/../../../../arm-atollic-eabi/lib/armv7e-m/fpu\libnosys.a
END GROUP
LOAD c:/program files (x86)/atollic/truestudio for stm32 9.0.1/armtools/bin/../lib/gcc/arm-atollic-eabi/6.3.1/armv7e-m/fpu/crtend.o
LOAD c:/program files (x86)/atollic/truestudio for stm32 9.0.1/armtools/bin/../lib/gcc/arm-atollic-eabi/6.3.1/armv7e-m/fpu/crtn.o
                0x20020000                _estack = 0x20020000
                0x00002000                _Min_Heap_Size = 0x2000
                0x00004000                _Min_Stack_Size = 0x4000

.isr_vector     0x08000000      0x188
                0x08000000                . = ALIGN (0x4)
 *(.isr_vector)
 .isr_vector    0x08000000      0x188 startup\startup_stm32f407xx.o
                0x08000000                g_pfnVectors
                0x08000188                . = ALIGN (0x4)

.text           0x08000188     0xaa44
                0x08000188                . = ALIGN (0x4)
 *(.text)
 .text          0x08000188       0x40 c:/program files (x86)/atollic/truestudio for stm32 9.0.1/armtools/bin/../lib/gcc/arm-atollic-eabi/6.3.1/armv7e-m/fpu/crtbegin.o
 .text          0x080001c8       0x30 c:/program files (x86)/atollic/truestudio for stm32 9.0.1/armtools/bin/../lib/gcc/arm-atollic-eabi/6.3.1/armv7e-m/fpu\libgcc.a(_aeabi_uldivmod.o)
                0x080001c8                __aeabi_uldivmod
 .text          0x080001f8      0x2dc c:/program files (x86)/atollic/truestudio for stm32 9.0.1/armtools/bin/../lib/gcc/arm-atollic-eabi/6.3.1/armv7e-m/fpu\libgcc.a(_udivmoddi4.o)
                0x080001f8                __udivmoddi4
 .text          0x080004d4        0x4 c:/program files (x86)/atollic/truestudio for stm32 9.0.1/armtools/bin/../lib/gcc/arm-atollic-eabi/6.3.1/armv7e-m/fpu\libgcc.a(_dvmd_tls.o)
                0x080004d4                __aeabi_idiv0
                0x080004d4                __aeabi_ldiv0
 *(.text*)
 .text.MX_GPIO_Init
                0x080004d8      0x1ec Core\Src\gpio.o
                0x080004d8                MX_GPIO_Init
 .text.MX_I2C1_Init
                0x080006c4       0x64 Core\Src\i2c.o
                0x080006c4                MX_I2C1_Init
 .text.HAL_I2C_MspInit
                0x08000728       0x64 Core\Src\i2c.o
                0x08000728                HAL_I2C_MspInit
 .text.MX_I2S3_Init
                0x0800078c       0x68 Core\Src\i2s.o
                0x0800078c                MX_I2S3_Init
 .text.HAL_I2S_MspInit
                0x080007f4       0x88 Core\Src\i2s.o
                0x080007f4                HAL_I2S_MspInit
 .text.USB_UserInit.10341
                0x0800087c       0x64 Core\Src\main.o
 .text.main     0x080008e0       0xa8 Core\Src\main.o
                0x080008e0                main
 .text.SystemClock_Config
                0x08000988      0x110 Core\Src\main.o
                0x08000988                SystemClock_Config
 .text._Error_Handler
                0x08000a98        0xc Core\Src\main.o
                0x08000a98                _Error_Handler
 .text.MX_SPI1_Init
                0x08000aa4       0x74 Core\Src\spi.o
                0x08000aa4                MX_SPI1_Init
 .text.HAL_SPI_MspInit
                0x08000b18       0x64 Core\Src\spi.o
                0x08000b18                HAL_SPI_MspInit
 .text.HAL_MspInit
                0x08000b7c       0xa4 Core\Src\stm32f4xx_hal_msp.o
                0x08000b7c                HAL_MspInit
 .text.SysTick_Handler
                0x08000c20       0x10 Core\Src\stm32f4xx_it.o
                0x08000c20                SysTick_Handler
 .text.OTG_FS_IRQHandler
                0x08000c30       0x14 Core\Src\stm32f4xx_it.o
                0x08000c30                OTG_FS_IRQHandler
 .text.SystemInit
                0x08000c44       0x6c Core\Src\system_stm32f4xx.o
                0x08000c44                SystemInit
 .text.HAL_Init
                0x08000cb0       0x44 Drivers\STM32F4xx_HAL_Driver\Src\stm32f4xx_hal.o
                0x08000cb0                HAL_Init
 .text.HAL_InitTick
                0x08000cf4       0x60 Drivers\STM32F4xx_HAL_Driver\Src\stm32f4xx_hal.o
                0x08000cf4                HAL_InitTick
 .text.HAL_IncTick
                0x08000d54       0x28 Drivers\STM32F4xx_HAL_Driver\Src\stm32f4xx_hal.o
                0x08000d54                HAL_IncTick
 .text.HAL_GetTick
                0x08000d7c       0x18 Drivers\STM32F4xx_HAL_Driver\Src\stm32f4xx_hal.o
                0x08000d7c                HAL_GetTick
 .text.HAL_Delay
                0x08000d94       0x44 Drivers\STM32F4xx_HAL_Driver\Src\stm32f4xx_hal.o
                0x08000d94                HAL_Delay
 .text.NVIC_SetPriorityGrouping
                0x08000dd8       0x48 Drivers\STM32F4xx_HAL_Driver\Src\stm32f4xx_hal_cortex.o
 .text.NVIC_GetPriorityGrouping
                0x08000e20       0x1c Drivers\STM32F4xx_HAL_Driver\Src\stm32f4xx_hal_cortex.o
 .text.NVIC_EnableIRQ
                0x08000e3c       0x34 Drivers\STM32F4xx_HAL_Driver\Src\stm32f4xx_hal_cortex.o
 .text.NVIC_SetPriority
                0x08000e70       0x54 Drivers\STM32F4xx_HAL_Driver\Src\stm32f4xx_hal_cortex.o
 .text.NVIC_EncodePriority
                0x08000ec4       0x62 Drivers\STM32F4xx_HAL_Driver\Src\stm32f4xx_hal_cortex.o
 *fill*         0x08000f26        0x2 
 .text.SysTick_Config
                0x08000f28       0x44 Drivers\STM32F4xx_HAL_Driver\Src\stm32f4xx_hal_cortex.o
 .text.HAL_NVIC_SetPriorityGrouping
                0x08000f6c       0x16 Drivers\STM32F4xx_HAL_Driver\Src\stm32f4xx_hal_cortex.o
                0x08000f6c                HAL_NVIC_SetPriorityGrouping
 .text.HAL_NVIC_SetPriority
                0x08000f82       0x38 Drivers\STM32F4xx_HAL_Driver\Src\stm32f4xx_hal_cortex.o
                0x08000f82                HAL_NVIC_SetPriority
 .text.HAL_NVIC_EnableIRQ
                0x08000fba       0x1c Drivers\STM32F4xx_HAL_Driver\Src\stm32f4xx_hal_cortex.o
                0x08000fba                HAL_NVIC_EnableIRQ
 .text.HAL_SYSTICK_Config
                0x08000fd6       0x18 Drivers\STM32F4xx_HAL_Driver\Src\stm32f4xx_hal_cortex.o
                0x08000fd6                HAL_SYSTICK_Config
 *fill*         0x08000fee        0x2 
 .text.HAL_SYSTICK_CLKSourceConfig
                0x08000ff0       0x38 Drivers\STM32F4xx_HAL_Driver\Src\stm32f4xx_hal_cortex.o
                0x08000ff0                HAL_SYSTICK_CLKSourceConfig
 .text.HAL_SYSTICK_IRQHandler
                0x08001028        0xc Drivers\STM32F4xx_HAL_Driver\Src\stm32f4xx_hal_cortex.o
                0x08001028                HAL_SYSTICK_IRQHandler
 .text.HAL_SYSTICK_Callback
                0x08001034        0xe Drivers\STM32F4xx_HAL_Driver\Src\stm32f4xx_hal_cortex.o
                0x08001034                HAL_SYSTICK_Callback
 *fill*         0x08001042        0x2 
 .text.HAL_GPIO_Init
                0x08001044      0x334 Drivers\STM32F4xx_HAL_Driver\Src\stm32f4xx_hal_gpio.o
                0x08001044                HAL_GPIO_Init
 .text.HAL_GPIO_WritePin
                0x08001378       0x32 Drivers\STM32F4xx_HAL_Driver\Src\stm32f4xx_hal_gpio.o
                0x08001378                HAL_GPIO_WritePin
 .text.HAL_HCD_Init
                0x080013aa       0x98 Drivers\STM32F4xx_HAL_Driver\Src\stm32f4xx_hal_hcd.o
                0x080013aa                HAL_HCD_Init
 .text.HAL_HCD_HC_Init
                0x08001442      0x10e Drivers\STM32F4xx_HAL_Driver\Src\stm32f4xx_hal_hcd.o
                0x08001442                HAL_HCD_HC_Init
 .text.HAL_HCD_HC_Halt
                0x08001550       0x46 Drivers\STM32F4xx_HAL_Driver\Src\stm32f4xx_hal_hcd.o
                0x08001550                HAL_HCD_HC_Halt
 *fill*         0x08001596        0x2 
 .text.HAL_HCD_HC_SubmitRequest
                0x08001598      0x324 Drivers\STM32F4xx_HAL_Driver\Src\stm32f4xx_hal_hcd.o
                0x08001598                HAL_HCD_HC_SubmitRequest
 .text.HAL_HCD_IRQHandler
                0x080018bc      0x200 Drivers\STM32F4xx_HAL_Driver\Src\stm32f4xx_hal_hcd.o
                0x080018bc                HAL_HCD_IRQHandler
 .text.HAL_HCD_Start
                0x08001abc       0x46 Drivers\STM32F4xx_HAL_Driver\Src\stm32f4xx_hal_hcd.o
                0x08001abc                HAL_HCD_Start
 .text.HAL_HCD_Stop
                0x08001b02       0x3a Drivers\STM32F4xx_HAL_Driver\Src\stm32f4xx_hal_hcd.o
                0x08001b02                HAL_HCD_Stop
 .text.HAL_HCD_ResetPort
                0x08001b3c       0x1c Drivers\STM32F4xx_HAL_Driver\Src\stm32f4xx_hal_hcd.o
                0x08001b3c                HAL_HCD_ResetPort
 .text.HAL_HCD_HC_GetURBState
                0x08001b58       0x2a Drivers\STM32F4xx_HAL_Driver\Src\stm32f4xx_hal_hcd.o
                0x08001b58                HAL_HCD_HC_GetURBState
 .text.HAL_HCD_HC_GetXferCount
                0x08001b82       0x2a Drivers\STM32F4xx_HAL_Driver\Src\stm32f4xx_hal_hcd.o
                0x08001b82                HAL_HCD_HC_GetXferCount
 .text.HAL_HCD_GetCurrentFrame
                0x08001bac       0x1c Drivers\STM32F4xx_HAL_Driver\Src\stm32f4xx_hal_hcd.o
                0x08001bac                HAL_HCD_GetCurrentFrame
 .text.HAL_HCD_GetCurrentSpeed
                0x08001bc8       0x1c Drivers\STM32F4xx_HAL_Driver\Src\stm32f4xx_hal_hcd.o
                0x08001bc8                HAL_HCD_GetCurrentSpeed
 .text.HCD_HC_IN_IRQHandler
                0x08001be4      0x680 Drivers\STM32F4xx_HAL_Driver\Src\stm32f4xx_hal_hcd.o
 .text.HCD_HC_OUT_IRQHandler
                0x08002264      0x642 Drivers\STM32F4xx_HAL_Driver\Src\stm32f4xx_hal_hcd.o
 *fill*         0x080028a6        0x2 
 .text.HCD_RXQLVL_IRQHandler
                0x080028a8      0x164 Drivers\STM32F4xx_HAL_Driver\Src\stm32f4xx_hal_hcd.o
 .text.HCD_Port_IRQHandler
                0x08002a0c      0x112 Drivers\STM32F4xx_HAL_Driver\Src\stm32f4xx_hal_hcd.o
 *fill*         0x08002b1e        0x2 
 .text.HAL_I2C_Init
                0x08002b20      0x1c0 Drivers\STM32F4xx_HAL_Driver\Src\stm32f4xx_hal_i2c.o
                0x08002b20                HAL_I2C_Init
 .text.HAL_I2S_Init
                0x08002ce0      0x2a0 Drivers\STM32F4xx_HAL_Driver\Src\stm32f4xx_hal_i2s.o
                0x08002ce0                HAL_I2S_Init
 .text.HAL_I2S_TxCpltCallback
                0x08002f80       0x14 Drivers\STM32F4xx_HAL_Driver\Src\stm32f4xx_hal_i2s.o
                0x08002f80                HAL_I2S_TxCpltCallback
 .text.HAL_I2S_RxCpltCallback
                0x08002f94       0x14 Drivers\STM32F4xx_HAL_Driver\Src\stm32f4xx_hal_i2s.o
                0x08002f94                HAL_I2S_RxCpltCallback
 .text.HAL_I2S_ErrorCallback
                0x08002fa8       0x14 Drivers\STM32F4xx_HAL_Driver\Src\stm32f4xx_hal_i2s.o
                0x08002fa8                HAL_I2S_ErrorCallback
 .text.I2S_Transmit_IT
                0x08002fbc       0x5a Drivers\STM32F4xx_HAL_Driver\Src\stm32f4xx_hal_i2s.o
 .text.I2S_Receive_IT
                0x08003016       0x5c Drivers\STM32F4xx_HAL_Driver\Src\stm32f4xx_hal_i2s.o
 .text.I2S_IRQHandler
                0x08003072      0x118 Drivers\STM32F4xx_HAL_Driver\Src\stm32f4xx_hal_i2s.o
 *fill*         0x0800318a        0x2 
 .text.HAL_I2SEx_FullDuplex_IRQHandler
                0x0800318c      0x308 Drivers\STM32F4xx_HAL_Driver\Src\stm32f4xx_hal_i2s_ex.o
                0x0800318c                HAL_I2SEx_FullDuplex_IRQHandler
 .text.HAL_I2SEx_TxRxCpltCallback
                0x08003494       0x14 Drivers\STM32F4xx_HAL_Driver\Src\stm32f4xx_hal_i2s_ex.o
                0x08003494                HAL_I2SEx_TxRxCpltCallback
 .text.I2SEx_FullDuplexTx_IT
                0x080034a8       0xf4 Drivers\STM32F4xx_HAL_Driver\Src\stm32f4xx_hal_i2s_ex.o
 .text.I2SEx_FullDuplexRx_IT
                0x0800359c       0xf8 Drivers\STM32F4xx_HAL_Driver\Src\stm32f4xx_hal_i2s_ex.o
 .text.HAL_RCC_OscConfig
                0x08003694      0x484 Drivers\STM32F4xx_HAL_Driver\Src\stm32f4xx_hal_rcc.o
                0x08003694                HAL_RCC_OscConfig
 .text.HAL_RCC_ClockConfig
                0x08003b18      0x1c4 Drivers\STM32F4xx_HAL_Driver\Src\stm32f4xx_hal_rcc.o
                0x08003b18                HAL_RCC_ClockConfig
 .text.HAL_RCC_GetSysClockFreq
                0x08003cdc      0x1b0 Drivers\STM32F4xx_HAL_Driver\Src\stm32f4xx_hal_rcc.o
                0x08003cdc                HAL_RCC_GetSysClockFreq
 .text.HAL_RCC_GetHCLKFreq
                0x08003e8c       0x18 Drivers\STM32F4xx_HAL_Driver\Src\stm32f4xx_hal_rcc.o
                0x08003e8c                HAL_RCC_GetHCLKFreq
 .text.HAL_RCC_GetPCLK1Freq
                0x08003ea4       0x28 Drivers\STM32F4xx_HAL_Driver\Src\stm32f4xx_hal_rcc.o
                0x08003ea4                HAL_RCC_GetPCLK1Freq
 .text.HAL_RCCEx_PeriphCLKConfig
                0x08003ecc      0x1c4 Drivers\STM32F4xx_HAL_Driver\Src\stm32f4xx_hal_rcc_ex.o
                0x08003ecc                HAL_RCCEx_PeriphCLKConfig
 .text.HAL_RCCEx_GetPeriphCLKFreq
                0x08004090       0xb8 Drivers\STM32F4xx_HAL_Driver\Src\stm32f4xx_hal_rcc_ex.o
                0x08004090                HAL_RCCEx_GetPeriphCLKFreq
 .text.HAL_SPI_Init
                0x08004148       0xc6 Drivers\STM32F4xx_HAL_Driver\Src\stm32f4xx_hal_spi.o
                0x08004148                HAL_SPI_Init
 .text.USB_CoreInit
                0x0800420e       0xa2 Drivers\STM32F4xx_HAL_Driver\Src\stm32f4xx_ll_usb.o
                0x0800420e                USB_CoreInit
 .text.USB_EnableGlobalInt
                0x080042b0       0x22 Drivers\STM32F4xx_HAL_Driver\Src\stm32f4xx_ll_usb.o
                0x080042b0                USB_EnableGlobalInt
 .text.USB_DisableGlobalInt
                0x080042d2       0x22 Drivers\STM32F4xx_HAL_Driver\Src\stm32f4xx_ll_usb.o
                0x080042d2                USB_DisableGlobalInt
 .text.USB_SetCurrentMode
                0x080042f4       0x4e Drivers\STM32F4xx_HAL_Driver\Src\stm32f4xx_ll_usb.o
                0x080042f4                USB_SetCurrentMode
 *fill*         0x08004342        0x2 
 .text.USB_FlushTxFifo
                0x08004344       0x4c Drivers\STM32F4xx_HAL_Driver\Src\stm32f4xx_ll_usb.o
                0x08004344                USB_FlushTxFifo
 .text.USB_FlushRxFifo
                0x08004390       0x44 Drivers\STM32F4xx_HAL_Driver\Src\stm32f4xx_ll_usb.o
                0x08004390                USB_FlushRxFifo
 .text.USB_WritePacket
                0x080043d4       0x6a Drivers\STM32F4xx_HAL_Driver\Src\stm32f4xx_ll_usb.o
                0x080043d4                USB_WritePacket
 .text.USB_ReadPacket
                0x0800443e       0x4e Drivers\STM32F4xx_HAL_Driver\Src\stm32f4xx_ll_usb.o
                0x0800443e                USB_ReadPacket
 .text.USB_ReadInterrupts
                0x0800448c       0x2a Drivers\STM32F4xx_HAL_Driver\Src\stm32f4xx_ll_usb.o
                0x0800448c                USB_ReadInterrupts
 .text.USB_GetMode
                0x080044b6       0x1c Drivers\STM32F4xx_HAL_Driver\Src\stm32f4xx_ll_usb.o
                0x080044b6                USB_GetMode
 *fill*         0x080044d2        0x2 
 .text.USB_CoreReset
                0x080044d4       0x68 Drivers\STM32F4xx_HAL_Driver\Src\stm32f4xx_ll_usb.o
 .text.USB_HostInit
                0x0800453c      0x158 Drivers\STM32F4xx_HAL_Driver\Src\stm32f4xx_ll_usb.o
                0x0800453c                USB_HostInit
 .text.USB_InitFSLSPClkSel
                0x08004694       0x74 Drivers\STM32F4xx_HAL_Driver\Src\stm32f4xx_ll_usb.o
                0x08004694                USB_InitFSLSPClkSel
 .text.USB_ResetPort
                0x08004708       0x4a Drivers\STM32F4xx_HAL_Driver\Src\stm32f4xx_ll_usb.o
                0x08004708                USB_ResetPort
 .text.USB_DriveVbus
                0x08004752       0x6e Drivers\STM32F4xx_HAL_Driver\Src\stm32f4xx_ll_usb.o
                0x08004752                USB_DriveVbus
 .text.USB_GetHostSpeed
                0x080047c0       0x26 Drivers\STM32F4xx_HAL_Driver\Src\stm32f4xx_ll_usb.o
                0x080047c0                USB_GetHostSpeed
 .text.USB_GetCurrentFrame
                0x080047e6       0x1e Drivers\STM32F4xx_HAL_Driver\Src\stm32f4xx_ll_usb.o
                0x080047e6                USB_GetCurrentFrame
 .text.USB_HC_Init
                0x08004804      0x1f8 Drivers\STM32F4xx_HAL_Driver\Src\stm32f4xx_ll_usb.o
                0x08004804                USB_HC_Init
 .text.USB_HC_StartXfer
                0x080049fc      0x27c Drivers\STM32F4xx_HAL_Driver\Src\stm32f4xx_ll_usb.o
                0x080049fc                USB_HC_StartXfer
 .text.USB_HC_ReadInterrupt
                0x08004c78       0x1e Drivers\STM32F4xx_HAL_Driver\Src\stm32f4xx_ll_usb.o
                0x08004c78                USB_HC_ReadInterrupt
 .text.USB_HC_Halt
                0x08004c96      0x1d2 Drivers\STM32F4xx_HAL_Driver\Src\stm32f4xx_ll_usb.o
                0x08004c96                USB_HC_Halt
 .text.USB_DoPing
                0x08004e68       0x78 Drivers\STM32F4xx_HAL_Driver\Src\stm32f4xx_ll_usb.o
                0x08004e68                USB_DoPing
 .text.USB_StopHost
                0x08004ee0      0x108 Drivers\STM32F4xx_HAL_Driver\Src\stm32f4xx_ll_usb.o
                0x08004ee0                USB_StopHost
 .text.MX_FATFS_Init
                0x08004fe8       0x24 FATFS\fatfs.o
                0x08004fe8                MX_FATFS_Init
 .text.get_fattime
                0x0800500c       0x10 FATFS\fatfs.o
                0x0800500c                get_fattime
 .text.USBH_initialize
                0x0800501c       0x18 FATFS\usbh_diskio.o
                0x0800501c                USBH_initialize
 .text.USBH_status
                0x08005034       0x38 FATFS\usbh_diskio.o
                0x08005034                USBH_status
 .text.USBH_read
                0x0800506c       0x70 FATFS\usbh_diskio.o
                0x0800506c                USBH_read
 .text.USBH_write
                0x080050dc       0x84 FATFS\usbh_diskio.o
                0x080050dc                USBH_write
 .text.USBH_ioctl
                0x08005160       0xd8 FATFS\usbh_diskio.o
                0x08005160                USBH_ioctl
 .text.USBH_MSC_InterfaceInit
                0x08005238      0x254 Middlewares\ST\STM32_USB_Host_Library\Class\MSC\Src\usbh_msc.o
 .text.USBH_MSC_InterfaceDeInit
                0x0800548c       0x8c Middlewares\ST\STM32_USB_Host_Library\Class\MSC\Src\usbh_msc.o
 .text.USBH_MSC_ClassRequest
                0x08005518       0xbe Middlewares\ST\STM32_USB_Host_Library\Class\MSC\Src\usbh_msc.o
 *fill*         0x080055d6        0x2 
 .text.USBH_MSC_Process
                0x080055d8      0x51c Middlewares\ST\STM32_USB_Host_Library\Class\MSC\Src\usbh_msc.o
 .text.USBH_MSC_SOFProcess
                0x08005af4       0x16 Middlewares\ST\STM32_USB_Host_Library\Class\MSC\Src\usbh_msc.o
 .text.USBH_MSC_RdWrProcess
                0x08005b0a      0x194 Middlewares\ST\STM32_USB_Host_Library\Class\MSC\Src\usbh_msc.o
 .text.USBH_MSC_UnitIsReady
                0x08005c9e       0x4a Middlewares\ST\STM32_USB_Host_Library\Class\MSC\Src\usbh_msc.o
                0x08005c9e                USBH_MSC_UnitIsReady
 .text.USBH_MSC_GetLUNInfo
                0x08005ce8       0x48 Middlewares\ST\STM32_USB_Host_Library\Class\MSC\Src\usbh_msc.o
                0x08005ce8                USBH_MSC_GetLUNInfo
 .text.USBH_MSC_Read
                0x08005d30       0xd2 Middlewares\ST\STM32_USB_Host_Library\Class\MSC\Src\usbh_msc.o
                0x08005d30                USBH_MSC_Read
 .text.USBH_MSC_Write
                0x08005e02       0xd2 Middlewares\ST\STM32_USB_Host_Library\Class\MSC\Src\usbh_msc.o
                0x08005e02                USBH_MSC_Write
 .text.USBH_MSC_BOT_REQ_Reset
                0x08005ed4       0x3a Middlewares\ST\STM32_USB_Host_Library\Class\MSC\Src\usbh_msc_bot.o
                0x08005ed4                USBH_MSC_BOT_REQ_Reset
 .text.USBH_MSC_BOT_REQ_GetMaxLUN
                0x08005f0e       0x3c Middlewares\ST\STM32_USB_Host_Library\Class\MSC\Src\usbh_msc_bot.o
                0x08005f0e                USBH_MSC_BOT_REQ_GetMaxLUN
 *fill*         0x08005f4a        0x2 
 .text.USBH_MSC_BOT_Init
                0x08005f4c       0x44 Middlewares\ST\STM32_USB_Host_Library\Class\MSC\Src\usbh_msc_bot.o
                0x08005f4c                USBH_MSC_BOT_Init
 .text.USBH_MSC_BOT_Process
                0x08005f90      0x3a4 Middlewares\ST\STM32_USB_Host_Library\Class\MSC\Src\usbh_msc_bot.o
                0x08005f90                USBH_MSC_BOT_Process
 .text.USBH_MSC_BOT_Abort
                0x08006334       0x58 Middlewares\ST\STM32_USB_Host_Library\Class\MSC\Src\usbh_msc_bot.o
 .text.USBH_MSC_DecodeCSW
                0x0800638c       0x88 Middlewares\ST\STM32_USB_Host_Library\Class\MSC\Src\usbh_msc_bot.o
 .text.USBH_MSC_SCSI_TestUnitReady
                0x08006414       0x86 Middlewares\ST\STM32_USB_Host_Library\Class\MSC\Src\usbh_msc_scsi.o
                0x08006414                USBH_MSC_SCSI_TestUnitReady
 .text.USBH_MSC_SCSI_ReadCapacity
                0x0800649a       0xf8 Middlewares\ST\STM32_USB_Host_Library\Class\MSC\Src\usbh_msc_scsi.o
                0x0800649a                USBH_MSC_SCSI_ReadCapacity
 .text.USBH_MSC_SCSI_Inquiry
                0x08006592      0x144 Middlewares\ST\STM32_USB_Host_Library\Class\MSC\Src\usbh_msc_scsi.o
                0x08006592                USBH_MSC_SCSI_Inquiry
 .text.USBH_MSC_SCSI_RequestSense
                0x080066d6       0xf2 Middlewares\ST\STM32_USB_Host_Library\Class\MSC\Src\usbh_msc_scsi.o
                0x080066d6                USBH_MSC_SCSI_RequestSense
 .text.USBH_MSC_SCSI_Write
                0x080067c8       0xcc Middlewares\ST\STM32_USB_Host_Library\Class\MSC\Src\usbh_msc_scsi.o
                0x080067c8                USBH_MSC_SCSI_Write
 .text.USBH_MSC_SCSI_Read
                0x08006894       0xcc Middlewares\ST\STM32_USB_Host_Library\Class\MSC\Src\usbh_msc_scsi.o
                0x08006894                USBH_MSC_SCSI_Read
 .text.USBH_Init
                0x08006960       0x54 Middlewares\ST\STM32_USB_Host_Library\Core\Src\usbh_core.o
                0x08006960                USBH_Init
 .text.DeInitStateMachine
                0x080069b4       0x94 Middlewares\ST\STM32_USB_Host_Library\Core\Src\usbh_core.o
 .text.USBH_RegisterClass
                0x08006a48       0x54 Middlewares\ST\STM32_USB_Host_Library\Core\Src\usbh_core.o
                0x08006a48                USBH_RegisterClass
 .text.USBH_SelectInterface
                0x08006a9c       0x38 Middlewares\ST\STM32_USB_Host_Library\Core\Src\usbh_core.o
                0x08006a9c                USBH_SelectInterface
 .text.USBH_FindInterface
                0x08006ad4       0x96 Middlewares\ST\STM32_USB_Host_Library\Core\Src\usbh_core.o
                0x08006ad4                USBH_FindInterface
 .text.USBH_Start
                0x08006b6a       0x20 Middlewares\ST\STM32_USB_Host_Library\Core\Src\usbh_core.o
                0x08006b6a                USBH_Start
 *fill*         0x08006b8a        0x2 
 .text.USBH_Process
                0x08006b8c      0x298 Middlewares\ST\STM32_USB_Host_Library\Core\Src\usbh_core.o
                0x08006b8c                USBH_Process
 .text.USBH_HandleEnum
                0x08006e24      0x234 Middlewares\ST\STM32_USB_Host_Library\Core\Src\usbh_core.o
 .text.USBH_LL_SetTimer
                0x08007058       0x1e Middlewares\ST\STM32_USB_Host_Library\Core\Src\usbh_core.o
                0x08007058                USBH_LL_SetTimer
 .text.USBH_LL_IncTimer
                0x08007076       0x24 Middlewares\ST\STM32_USB_Host_Library\Core\Src\usbh_core.o
                0x08007076                USBH_LL_IncTimer
 .text.USBH_HandleSof
                0x0800709a       0x30 Middlewares\ST\STM32_USB_Host_Library\Core\Src\usbh_core.o
 .text.USBH_LL_Connect
                0x080070ca       0x4c Middlewares\ST\STM32_USB_Host_Library\Core\Src\usbh_core.o
                0x080070ca                USBH_LL_Connect
 .text.USBH_LL_Disconnect
                0x08007116       0x5a Middlewares\ST\STM32_USB_Host_Library\Core\Src\usbh_core.o
                0x08007116                USBH_LL_Disconnect
 .text.USBH_Get_DevDesc
                0x08007170       0x50 Middlewares\ST\STM32_USB_Host_Library\Core\Src\usbh_ctlreq.o
                0x08007170                USBH_Get_DevDesc
 .text.USBH_Get_CfgDesc
                0x080071c0       0x48 Middlewares\ST\STM32_USB_Host_Library\Core\Src\usbh_ctlreq.o
                0x080071c0                USBH_Get_CfgDesc
 .text.USBH_Get_StringDesc
                0x08007208       0x56 Middlewares\ST\STM32_USB_Host_Library\Core\Src\usbh_ctlreq.o
                0x08007208                USBH_Get_StringDesc
 .text.USBH_GetDescriptor
                0x0800725e       0x6a Middlewares\ST\STM32_USB_Host_Library\Core\Src\usbh_ctlreq.o
                0x0800725e                USBH_GetDescriptor
 .text.USBH_SetAddress
                0x080072c8       0x48 Middlewares\ST\STM32_USB_Host_Library\Core\Src\usbh_ctlreq.o
                0x080072c8                USBH_SetAddress
 .text.USBH_SetCfg
                0x08007310       0x46 Middlewares\ST\STM32_USB_Host_Library\Core\Src\usbh_ctlreq.o
                0x08007310                USBH_SetCfg
 .text.USBH_ClrFeature
                0x08007356       0x48 Middlewares\ST\STM32_USB_Host_Library\Core\Src\usbh_ctlreq.o
                0x08007356                USBH_ClrFeature
 .text.USBH_ParseDevDesc
                0x0800739e       0xe0 Middlewares\ST\STM32_USB_Host_Library\Core\Src\usbh_ctlreq.o
 .text.USBH_ParseCfgDesc
                0x0800747e      0x14c Middlewares\ST\STM32_USB_Host_Library\Core\Src\usbh_ctlreq.o
 .text.USBH_ParseInterfaceDesc
                0x080075ca       0x5e Middlewares\ST\STM32_USB_Host_Library\Core\Src\usbh_ctlreq.o
 .text.USBH_ParseEPDesc
                0x08007628       0x5a Middlewares\ST\STM32_USB_Host_Library\Core\Src\usbh_ctlreq.o
 .text.USBH_ParseStringDesc
                0x08007682       0x66 Middlewares\ST\STM32_USB_Host_Library\Core\Src\usbh_ctlreq.o
 .text.USBH_GetNextDesc
                0x080076e8       0x36 Middlewares\ST\STM32_USB_Host_Library\Core\Src\usbh_ctlreq.o
                0x080076e8                USBH_GetNextDesc
 .text.USBH_CtlReq
                0x0800771e       0x7c Middlewares\ST\STM32_USB_Host_Library\Core\Src\usbh_ctlreq.o
                0x0800771e                USBH_CtlReq
 *fill*         0x0800779a        0x2 
 .text.USBH_HandleControl
                0x0800779c      0x2d0 Middlewares\ST\STM32_USB_Host_Library\Core\Src\usbh_ctlreq.o
 .text.USBH_CtlSendSetup
                0x08007a6c       0x34 Middlewares\ST\STM32_USB_Host_Library\Core\Src\usbh_ioreq.o
                0x08007a6c                USBH_CtlSendSetup
 .text.USBH_CtlSendData
                0x08007aa0       0x4a Middlewares\ST\STM32_USB_Host_Library\Core\Src\usbh_ioreq.o
                0x08007aa0                USBH_CtlSendData
 .text.USBH_CtlReceiveData
                0x08007aea       0x3c Middlewares\ST\STM32_USB_Host_Library\Core\Src\usbh_ioreq.o
                0x08007aea                USBH_CtlReceiveData
 .text.USBH_BulkSendData
                0x08007b26       0x4a Middlewares\ST\STM32_USB_Host_Library\Core\Src\usbh_ioreq.o
                0x08007b26                USBH_BulkSendData
 .text.USBH_BulkReceiveData
                0x08007b70       0x3c Middlewares\ST\STM32_USB_Host_Library\Core\Src\usbh_ioreq.o
                0x08007b70                USBH_BulkReceiveData
 .text.USBH_OpenPipe
                0x08007bac       0x3e Middlewares\ST\STM32_USB_Host_Library\Core\Src\usbh_pipes.o
                0x08007bac                USBH_OpenPipe
 .text.USBH_ClosePipe
                0x08007bea       0x20 Middlewares\ST\STM32_USB_Host_Library\Core\Src\usbh_pipes.o
                0x08007bea                USBH_ClosePipe
 .text.USBH_AllocPipe
                0x08007c0a       0x40 Middlewares\ST\STM32_USB_Host_Library\Core\Src\usbh_pipes.o
                0x08007c0a                USBH_AllocPipe
 .text.USBH_FreePipe
                0x08007c4a       0x3e Middlewares\ST\STM32_USB_Host_Library\Core\Src\usbh_pipes.o
                0x08007c4a                USBH_FreePipe
 .text.USBH_GetFreePipe
                0x08007c88       0x48 Middlewares\ST\STM32_USB_Host_Library\Core\Src\usbh_pipes.o
 .text.disk_status
                0x08007cd0       0x34 Middlewares\Third_Party\FatFs\src\diskio.o
                0x08007cd0                disk_status
 .text.disk_initialize
                0x08007d04       0x4c Middlewares\Third_Party\FatFs\src\diskio.o
                0x08007d04                disk_initialize
 .text.disk_read
                0x08007d50       0x40 Middlewares\Third_Party\FatFs\src\diskio.o
                0x08007d50                disk_read
 .text.disk_write
                0x08007d90       0x40 Middlewares\Third_Party\FatFs\src\diskio.o
                0x08007d90                disk_write
 .text.disk_ioctl
                0x08007dd0       0x3c Middlewares\Third_Party\FatFs\src\diskio.o
                0x08007dd0                disk_ioctl
 .text.ld_word  0x08007e0c       0x30 Middlewares\Third_Party\FatFs\src\ff.o
 .text.ld_dword
                0x08007e3c       0x46 Middlewares\Third_Party\FatFs\src\ff.o
 .text.st_word  0x08007e82       0x36 Middlewares\Third_Party\FatFs\src\ff.o
 .text.st_dword
                0x08007eb8       0x58 Middlewares\Third_Party\FatFs\src\ff.o
 .text.mem_cpy  0x08007f10       0x42 Middlewares\Third_Party\FatFs\src\ff.o
 .text.mem_set  0x08007f52       0x34 Middlewares\Third_Party\FatFs\src\ff.o
 .text.mem_cmp  0x08007f86       0x4e Middlewares\Third_Party\FatFs\src\ff.o
 .text.chk_chr  0x08007fd4       0x36 Middlewares\Third_Party\FatFs\src\ff.o
 *fill*         0x0800800a        0x2 
 .text.chk_lock
                0x0800800c       0xb8 Middlewares\Third_Party\FatFs\src\ff.o
 .text.enq_lock
                0x080080c4       0x44 Middlewares\Third_Party\FatFs\src\ff.o
 .text.inc_lock
                0x08008108      0x11c Middlewares\Third_Party\FatFs\src\ff.o
 .text.dec_lock
                0x08008224       0x78 Middlewares\Third_Party\FatFs\src\ff.o
 .text.clear_lock
                0x0800829c       0x48 Middlewares\Third_Party\FatFs\src\ff.o
 .text.sync_window
                0x080082e4       0x88 Middlewares\Third_Party\FatFs\src\ff.o
 .text.move_window
                0x0800836c       0x5a Middlewares\Third_Party\FatFs\src\ff.o
 *fill*         0x080083c6        0x2 
 .text.sync_fs  0x080083c8       0xdc Middlewares\Third_Party\FatFs\src\ff.o
 .text.clust2sect
                0x080084a4       0x3e Middlewares\Third_Party\FatFs\src\ff.o
 .text.get_fat  0x080084e2      0x14a Middlewares\Third_Party\FatFs\src\ff.o
 .text.put_fat  0x0800862c      0x1ce Middlewares\Third_Party\FatFs\src\ff.o
 .text.remove_chain
                0x080087fa       0xca Middlewares\Third_Party\FatFs\src\ff.o
 .text.create_chain
                0x080088c4      0x130 Middlewares\Third_Party\FatFs\src\ff.o
 .text.clmt_clust
                0x080089f4       0x68 Middlewares\Third_Party\FatFs\src\ff.o
 .text.dir_sdi  0x08008a5c       0xf6 Middlewares\Third_Party\FatFs\src\ff.o
 .text.dir_next
                0x08008b52      0x18a Middlewares\Third_Party\FatFs\src\ff.o
 .text.dir_alloc
                0x08008cdc       0x8e Middlewares\Third_Party\FatFs\src\ff.o
 .text.ld_clust
                0x08008d6a       0x3e Middlewares\Third_Party\FatFs\src\ff.o
 .text.st_clust
                0x08008da8       0x40 Middlewares\Third_Party\FatFs\src\ff.o
 .text.dir_read
                0x08008de8       0xba Middlewares\Third_Party\FatFs\src\ff.o
 .text.dir_find
                0x08008ea2       0xaa Middlewares\Third_Party\FatFs\src\ff.o
 .text.dir_register
                0x08008f4c       0x64 Middlewares\Third_Party\FatFs\src\ff.o
 .text.dir_remove
                0x08008fb0       0x3c Middlewares\Third_Party\FatFs\src\ff.o
 .text.create_name
                0x08008fec      0x128 Middlewares\Third_Party\FatFs\src\ff.o
 .text.follow_path
                0x08009114       0xe2 Middlewares\Third_Party\FatFs\src\ff.o
 .text.get_ldnumber
                0x080091f6       0x88 Middlewares\Third_Party\FatFs\src\ff.o
 *fill*         0x0800927e        0x2 
 .text.check_fs
                0x08009280       0xac Middlewares\Third_Party\FatFs\src\ff.o
 .text.find_volume
                0x0800932c      0x498 Middlewares\Third_Party\FatFs\src\ff.o
 .text.validate
                0x080097c4       0x68 Middlewares\Third_Party\FatFs\src\ff.o
 .text.f_mount  0x0800982c       0x8c Middlewares\Third_Party\FatFs\src\ff.o
                0x0800982c                f_mount
 .text.f_open   0x080098b8      0x37c Middlewares\Third_Party\FatFs\src\ff.o
                0x080098b8                f_open
 .text.f_write  0x08009c34      0x2ea Middlewares\Third_Party\FatFs\src\ff.o
                0x08009c34                f_write
 .text.f_sync   0x08009f1e       0xfc Middlewares\Third_Party\FatFs\src\ff.o
                0x08009f1e                f_sync
 .text.f_close  0x0800a01a       0x54 Middlewares\Third_Party\FatFs\src\ff.o
                0x0800a01a                f_close
 .text.f_unlink
                0x0800a06e      0x156 Middlewares\Third_Party\FatFs\src\ff.o
                0x0800a06e                f_unlink
 .text.FATFS_LinkDriverEx
                0x0800a1c4       0x98 Middlewares\Third_Party\FatFs\src\ff_gen_drv.o
                0x0800a1c4                FATFS_LinkDriverEx
 .text.FATFS_LinkDriver
                0x0800a25c       0x1e Middlewares\Third_Party\FatFs\src\ff_gen_drv.o
                0x0800a25c                FATFS_LinkDriver
 *fill*         0x0800a27a        0x2 
 .text.MX_DriverVbusFS
                0x0800a27c       0x38 USB_HOST\Target\usbh_platform.o
                0x0800a27c                MX_DriverVbusFS
 .text.MX_USB_HOST_Init
                0x0800a2b4       0x2c USB_HOST\usb_host.o
                0x0800a2b4                MX_USB_HOST_Init
 .text.MX_USB_HOST_Process
                0x0800a2e0       0x14 USB_HOST\usb_host.o
                0x0800a2e0                MX_USB_HOST_Process
 .text.USBH_UserProcess
                0x0800a2f4       0x5c USB_HOST\usb_host.o
 .text.HAL_HCD_MspInit
                0x0800a350       0x98 USB_HOST\usbh_conf.o
                0x0800a350                HAL_HCD_MspInit
 .text.HAL_HCD_SOF_Callback
                0x0800a3e8       0x1c USB_HOST\usbh_conf.o
                0x0800a3e8                HAL_HCD_SOF_Callback
 .text.HAL_HCD_Connect_Callback
                0x0800a404       0x1c USB_HOST\usbh_conf.o
                0x0800a404                HAL_HCD_Connect_Callback
 .text.HAL_HCD_Disconnect_Callback
                0x0800a420       0x1c USB_HOST\usbh_conf.o
                0x0800a420                HAL_HCD_Disconnect_Callback
 .text.HAL_HCD_HC_NotifyURBChange_Callback
                0x0800a43c       0x1c USB_HOST\usbh_conf.o
                0x0800a43c                HAL_HCD_HC_NotifyURBChange_Callback
 .text.USBH_LL_Init
                0x0800a458       0x80 USB_HOST\usbh_conf.o
                0x0800a458                USBH_LL_Init
 .text.USBH_LL_Start
                0x0800a4d8       0x64 USB_HOST\usbh_conf.o
                0x0800a4d8                USBH_LL_Start
 .text.USBH_LL_Stop
                0x0800a53c       0x64 USB_HOST\usbh_conf.o
                0x0800a53c                USBH_LL_Stop
 .text.USBH_LL_GetSpeed
                0x0800a5a0       0x4a USB_HOST\usbh_conf.o
                0x0800a5a0                USBH_LL_GetSpeed
 *fill*         0x0800a5ea        0x2 
 .text.USBH_LL_ResetPort
                0x0800a5ec       0x64 USB_HOST\usbh_conf.o
                0x0800a5ec                USBH_LL_ResetPort
 .text.USBH_LL_GetLastXferSize
                0x0800a650       0x26 USB_HOST\usbh_conf.o
                0x0800a650                USBH_LL_GetLastXferSize
 *fill*         0x0800a676        0x2 
 .text.USBH_LL_OpenPipe
                0x0800a678       0x8c USB_HOST\usbh_conf.o
                0x0800a678                USBH_LL_OpenPipe
 .text.USBH_LL_ClosePipe
                0x0800a704       0x6c USB_HOST\usbh_conf.o
                0x0800a704                USBH_LL_ClosePipe
 .text.USBH_LL_SubmitURB
                0x0800a770       0x90 USB_HOST\usbh_conf.o
                0x0800a770                USBH_LL_SubmitURB
 .text.USBH_LL_GetURBState
                0x0800a800       0x26 USB_HOST\usbh_conf.o
                0x0800a800                USBH_LL_GetURBState
 .text.USBH_LL_DriverVBUS
                0x0800a826       0x2e USB_HOST\usbh_conf.o
                0x0800a826                USBH_LL_DriverVBUS
 .text.USBH_LL_SetToggle
                0x0800a854       0x66 USB_HOST\usbh_conf.o
                0x0800a854                USBH_LL_SetToggle
 .text.USBH_LL_GetToggle
                0x0800a8ba       0x66 USB_HOST\usbh_conf.o
                0x0800a8ba                USBH_LL_GetToggle
 .text.USBH_Delay
                0x0800a920       0x16 USB_HOST\usbh_conf.o
                0x0800a920                USBH_Delay
 *fill*         0x0800a936        0x2 
 .text.Reset_Handler
                0x0800a938       0x50 startup\startup_stm32f407xx.o
                0x0800a938                Reset_Handler
 .text.Default_Handler
                0x0800a988        0x2 startup\startup_stm32f407xx.o
                0x0800a988                RTC_Alarm_IRQHandler
                0x0800a988                HASH_RNG_IRQHandler
                0x0800a988                EXTI2_IRQHandler
                0x0800a988                TIM8_CC_IRQHandler
                0x0800a988                DebugMon_Handler
                0x0800a988                TIM1_CC_IRQHandler
                0x0800a988                DMA2_Stream5_IRQHandler
                0x0800a988                HardFault_Handler
                0x0800a988                DMA1_Stream5_IRQHandler
                0x0800a988                PVD_IRQHandler
                0x0800a988                SDIO_IRQHandler
                0x0800a988                TAMP_STAMP_IRQHandler
                0x0800a988                PendSV_Handler
                0x0800a988                NMI_Handler
                0x0800a988                CAN2_RX1_IRQHandler
                0x0800a988                EXTI3_IRQHandler
                0x0800a988                TIM8_TRG_COM_TIM14_IRQHandler
                0x0800a988                TIM1_UP_TIM10_IRQHandler
                0x0800a988                TIM8_UP_TIM13_IRQHandler
                0x0800a988                I2C3_ER_IRQHandler
                0x0800a988                EXTI0_IRQHandler
                0x0800a988                I2C2_EV_IRQHandler
                0x0800a988                DMA1_Stream2_IRQHandler
                0x0800a988                CAN1_RX0_IRQHandler
                0x0800a988                FPU_IRQHandler
                0x0800a988                OTG_HS_WKUP_IRQHandler
                0x0800a988                UsageFault_Handler
                0x0800a988                CAN2_SCE_IRQHandler
                0x0800a988                DMA2_Stream2_IRQHandler
                0x0800a988                SPI1_IRQHandler
                0x0800a988                TIM6_DAC_IRQHandler
                0x0800a988                TIM1_BRK_TIM9_IRQHandler
                0x0800a988                DCMI_IRQHandler
                0x0800a988                CAN2_RX0_IRQHandler
                0x0800a988                DMA2_Stream3_IRQHandler
                0x0800a988                USART6_IRQHandler
                0x0800a988                USART3_IRQHandler
                0x0800a988                CAN1_RX1_IRQHandler
                0x0800a988                UART5_IRQHandler
                0x0800a988                DMA2_Stream0_IRQHandler
                0x0800a988                TIM4_IRQHandler
                0x0800a988                I2C1_EV_IRQHandler
                0x0800a988                DMA1_Stream6_IRQHandler
                0x0800a988                DMA1_Stream1_IRQHandler
                0x0800a988                UART4_IRQHandler
                0x0800a988                TIM3_IRQHandler
                0x0800a988                RCC_IRQHandler
                0x0800a988                TIM8_BRK_TIM12_IRQHandler
                0x0800a988                Default_Handler
                0x0800a988                EXTI15_10_IRQHandler
                0x0800a988                ADC_IRQHandler
                0x0800a988                DMA1_Stream7_IRQHandler
                0x0800a988                TIM7_IRQHandler
                0x0800a988                CAN2_TX_IRQHandler
                0x0800a988                TIM5_IRQHandler
                0x0800a988                DMA2_Stream7_IRQHandler
                0x0800a988                I2C3_EV_IRQHandler
                0x0800a988                EXTI9_5_IRQHandler
                0x0800a988                RTC_WKUP_IRQHandler
                0x0800a988                ETH_WKUP_IRQHandler
                0x0800a988                SPI2_IRQHandler
                0x0800a988                OTG_HS_EP1_IN_IRQHandler
                0x0800a988                MemManage_Handler
                0x0800a988                DMA1_Stream0_IRQHandler
                0x0800a988                CAN1_TX_IRQHandler
                0x0800a988                SVC_Handler
                0x0800a988                EXTI4_IRQHandler
                0x0800a988                FSMC_IRQHandler
                0x0800a988                ETH_IRQHandler
                0x0800a988                OTG_HS_EP1_OUT_IRQHandler
                0x0800a988                WWDG_IRQHandler
                0x0800a988                TIM2_IRQHandler
                0x0800a988                OTG_FS_WKUP_IRQHandler
                0x0800a988                TIM1_TRG_COM_TIM11_IRQHandler
                0x0800a988                OTG_HS_IRQHandler
                0x0800a988                EXTI1_IRQHandler
                0x0800a988                USART2_IRQHandler
                0x0800a988                I2C2_ER_IRQHandler
                0x0800a988                DMA2_Stream1_IRQHandler
                0x0800a988                CAN1_SCE_IRQHandler
                0x0800a988                FLASH_IRQHandler
                0x0800a988                DMA2_Stream4_IRQHandler
                0x0800a988                BusFault_Handler
                0x0800a988                USART1_IRQHandler
                0x0800a988                SPI3_IRQHandler
                0x0800a988                DMA1_Stream4_IRQHandler
                0x0800a988                I2C1_ER_IRQHandler
                0x0800a988                DMA2_Stream6_IRQHandler
                0x0800a988                DMA1_Stream3_IRQHandler
 *fill*         0x0800a98a        0x2 
 .text.__libc_init_array
                0x0800a98c       0x48 c:/program files (x86)/atollic/truestudio for stm32 9.0.1/armtools/bin/../lib/gcc/arm-atollic-eabi/6.3.1/../../../../arm-atollic-eabi/lib/armv7e-m/fpu\libc_nano.a(lib_a-init.o)
                0x0800a98c                __libc_init_array
 .text.malloc   0x0800a9d4       0x10 c:/program files (x86)/atollic/truestudio for stm32 9.0.1/armtools/bin/../lib/gcc/arm-atollic-eabi/6.3.1/../../../../arm-atollic-eabi/lib/armv7e-m/fpu\libc_nano.a(lib_a-malloc.o)
                0x0800a9d4                malloc
 .text.free     0x0800a9e4       0x10 c:/program files (x86)/atollic/truestudio for stm32 9.0.1/armtools/bin/../lib/gcc/arm-atollic-eabi/6.3.1/../../../../arm-atollic-eabi/lib/armv7e-m/fpu\libc_nano.a(lib_a-malloc.o)
                0x0800a9e4                free
 .text.memcpy   0x0800a9f4       0x16 c:/program files (x86)/atollic/truestudio for stm32 9.0.1/armtools/bin/../lib/gcc/arm-atollic-eabi/6.3.1/../../../../arm-atollic-eabi/lib/armv7e-m/fpu\libc_nano.a(lib_a-memcpy-stub.o)
                0x0800a9f4                memcpy
 .text.memset   0x0800aa0a       0x10 c:/program files (x86)/atollic/truestudio for stm32 9.0.1/armtools/bin/../lib/gcc/arm-atollic-eabi/6.3.1/../../../../arm-atollic-eabi/lib/armv7e-m/fpu\libc_nano.a(lib_a-memset.o)
                0x0800aa0a                memset
 *fill*         0x0800aa1a        0x2 
 .text._free_r  0x0800aa1c       0x9c c:/program files (x86)/atollic/truestudio for stm32 9.0.1/armtools/bin/../lib/gcc/arm-atollic-eabi/6.3.1/../../../../arm-atollic-eabi/lib/armv7e-m/fpu\libc_nano.a(lib_a-nano-freer.o)
                0x0800aa1c                _free_r
 .text._malloc_r
                0x0800aab8       0xbc c:/program files (x86)/atollic/truestudio for stm32 9.0.1/armtools/bin/../lib/gcc/arm-atollic-eabi/6.3.1/../../../../arm-atollic-eabi/lib/armv7e-m/fpu\libc_nano.a(lib_a-nano-mallocr.o)
                0x0800aab8                _malloc_r
 .text._sbrk_r  0x0800ab74       0x20 c:/program files (x86)/atollic/truestudio for stm32 9.0.1/armtools/bin/../lib/gcc/arm-atollic-eabi/6.3.1/../../../../arm-atollic-eabi/lib/armv7e-m/fpu\libc_nano.a(lib_a-sbrkr.o)
                0x0800ab74                _sbrk_r
 .text.__malloc_lock
                0x0800ab94        0x2 c:/program files (x86)/atollic/truestudio for stm32 9.0.1/armtools/bin/../lib/gcc/arm-atollic-eabi/6.3.1/../../../../arm-atollic-eabi/lib/armv7e-m/fpu\libc_nano.a(lib_a-mlock.o)
                0x0800ab94                __malloc_lock
 .text.__malloc_unlock
                0x0800ab96        0x2 c:/program files (x86)/atollic/truestudio for stm32 9.0.1/armtools/bin/../lib/gcc/arm-atollic-eabi/6.3.1/../../../../arm-atollic-eabi/lib/armv7e-m/fpu\libc_nano.a(lib_a-mlock.o)
                0x0800ab96                __malloc_unlock
 .text._sbrk    0x0800ab98       0x1c c:/program files (x86)/atollic/truestudio for stm32 9.0.1/armtools/bin/../lib/gcc/arm-atollic-eabi/6.3.1/../../../../arm-atollic-eabi/lib/armv7e-m/fpu\libnosys.a(sbrk.o)
                0x0800ab98                _sbrk
 *(.glue_7)
 .glue_7        0x0800abb4        0x0 linker stubs
 *(.glue_7t)
 .glue_7t       0x0800abb4        0x0 linker stubs
 *(.eh_frame)
 .eh_frame      0x0800abb4        0x0 c:/program files (x86)/atollic/truestudio for stm32 9.0.1/armtools/bin/../lib/gcc/arm-atollic-eabi/6.3.1/armv7e-m/fpu/crtbegin.o
 *(.init)
 .init          0x0800abb4        0x4 c:/program files (x86)/atollic/truestudio for stm32 9.0.1/armtools/bin/../lib/gcc/arm-atollic-eabi/6.3.1/armv7e-m/fpu/crti.o
                0x0800abb4                _init
 .init          0x0800abb8        0x8 c:/program files (x86)/atollic/truestudio for stm32 9.0.1/armtools/bin/../lib/gcc/arm-atollic-eabi/6.3.1/armv7e-m/fpu/crtn.o
 *(.fini)
 .fini          0x0800abc0        0x4 c:/program files (x86)/atollic/truestudio for stm32 9.0.1/armtools/bin/../lib/gcc/arm-atollic-eabi/6.3.1/armv7e-m/fpu/crti.o
                0x0800abc0                _fini
 .fini          0x0800abc4        0x8 c:/program files (x86)/atollic/truestudio for stm32 9.0.1/armtools/bin/../lib/gcc/arm-atollic-eabi/6.3.1/armv7e-m/fpu/crtn.o
                0x0800abcc                . = ALIGN (0x4)
                0x0800abcc                _etext = .

.vfp11_veneer   0x0800abcc        0x0
 .vfp11_veneer  0x0800abcc        0x0 linker stubs

.v4_bx          0x0800abcc        0x0
 .v4_bx         0x0800abcc        0x0 linker stubs

.iplt           0x0800abcc        0x0
 .iplt          0x0800abcc        0x0 c:/program files (x86)/atollic/truestudio for stm32 9.0.1/armtools/bin/../lib/gcc/arm-atollic-eabi/6.3.1/armv7e-m/fpu/crtbegin.o

.rodata         0x0800abcc      0x194
                0x0800abcc                . = ALIGN (0x4)
 *(.rodata)
 .rodata        0x0800abcc       0x12 Core\Src\i2c.o
 *fill*         0x0800abde        0x2 
 .rodata        0x0800abe0       0x12 Core\Src\i2s.o
 *fill*         0x0800abf2        0x2 
 .rodata        0x0800abf4       0x4b Core\Src\main.o
 *fill*         0x0800ac3f        0x1 
 .rodata        0x0800ac40       0x12 Core\Src\spi.o
 *fill*         0x0800ac52        0x2 
 .rodata        0x0800ac54        0x4 Middlewares\ST\STM32_USB_Host_Library\Class\MSC\Src\usbh_msc.o
 .rodata        0x0800ac58       0x44 Middlewares\Third_Party\FatFs\src\ff.o
 .rodata        0x0800ac9c       0x18 USB_HOST\usbh_conf.o
 *(.rodata*)
 .rodata.AHBPrescTable
                0x0800acb4       0x10 Core\Src\system_stm32f4xx.o
                0x0800acb4                AHBPrescTable
 .rodata.APBPrescTable
                0x0800acc4        0x8 Core\Src\system_stm32f4xx.o
                0x0800acc4                APBPrescTable
 .rodata.USBH_Driver
                0x0800accc       0x14 FATFS\usbh_diskio.o
                0x0800accc                USBH_Driver
 .rodata.ExCvt  0x0800ace0       0x80 Middlewares\Third_Party\FatFs\src\ff.o
                0x0800ad60                . = ALIGN (0x4)

.ARM.extab
 *(.ARM.extab* .gnu.linkonce.armextab.*)

.ARM            0x0800ad60        0x8
                0x0800ad60                __exidx_start = .
 *(.ARM.exidx*)
 .ARM.exidx     0x0800ad60        0x8 c:/program files (x86)/atollic/truestudio for stm32 9.0.1/armtools/bin/../lib/gcc/arm-atollic-eabi/6.3.1/armv7e-m/fpu\libgcc.a(_udivmoddi4.o)
                0x0800ad68                __exidx_end = .

.rel.dyn        0x0800ad68        0x0
 .rel.iplt      0x0800ad68        0x0 c:/program files (x86)/atollic/truestudio for stm32 9.0.1/armtools/bin/../lib/gcc/arm-atollic-eabi/6.3.1/armv7e-m/fpu/crtbegin.o

.preinit_array  0x0800ad68        0x0
                0x0800ad68                PROVIDE (__preinit_array_start, .)
 *(.preinit_array*)
                0x0800ad68                PROVIDE (__preinit_array_end, .)

.init_array     0x0800ad68        0x4
                0x0800ad68                PROVIDE (__init_array_start, .)
 *(SORT(.init_array.*))
 *(.init_array*)
 .init_array    0x0800ad68        0x4 c:/program files (x86)/atollic/truestudio for stm32 9.0.1/armtools/bin/../lib/gcc/arm-atollic-eabi/6.3.1/armv7e-m/fpu/crtbegin.o
                0x0800ad6c                PROVIDE (__init_array_end, .)

.fini_array     0x0800ad6c        0x4
                [!provide]                PROVIDE (__fini_array_start, .)
 *(SORT(.fini_array.*))
 *(.fini_array*)
 .fini_array    0x0800ad6c        0x4 c:/program files (x86)/atollic/truestudio for stm32 9.0.1/armtools/bin/../lib/gcc/arm-atollic-eabi/6.3.1/armv7e-m/fpu/crtbegin.o
                [!provide]                PROVIDE (__fini_array_end, .)
                0x0800ad70                _sidata = LOADADDR (.data)

.data           0x20000000       0x90 load address 0x0800ad70
                0x20000000                . = ALIGN (0x4)
                0x20000000                _sdata = .
 *(.data)
 *(.data*)
 .data.SystemCoreClock
                0x20000000        0x4 Core\Src\system_stm32f4xx.o
                0x20000000                SystemCoreClock
 .data.uwTickPrio
                0x20000004        0x4 Drivers\STM32F4xx_HAL_Driver\Src\stm32f4xx_hal.o
                0x20000004                uwTickPrio
 .data.uwTickFreq
                0x20000008        0x1 Drivers\STM32F4xx_HAL_Driver\Src\stm32f4xx_hal.o
                0x20000008                uwTickFreq
 *fill*         0x20000009        0x3 
 .data.USBH_msc
                0x2000000c       0x20 Middlewares\ST\STM32_USB_Host_Library\Class\MSC\Src\usbh_msc.o
                0x2000000c                USBH_msc
 .data._impure_ptr
                0x2000002c        0x4 c:/program files (x86)/atollic/truestudio for stm32 9.0.1/armtools/bin/../lib/gcc/arm-atollic-eabi/6.3.1/../../../../arm-atollic-eabi/lib/armv7e-m/fpu\libc_nano.a(lib_a-impure.o)
                0x2000002c                _impure_ptr
 .data.impure_data
                0x20000030       0x60 c:/program files (x86)/atollic/truestudio for stm32 9.0.1/armtools/bin/../lib/gcc/arm-atollic-eabi/6.3.1/../../../../arm-atollic-eabi/lib/armv7e-m/fpu\libc_nano.a(lib_a-impure.o)
                0x20000090                . = ALIGN (0x4)
                0x20000090                _edata = .
                0x0800ae00                _siccmram = LOADADDR (.ccmram)

.igot.plt       0x20000090        0x0 load address 0x0800ae00
 .igot.plt      0x20000090        0x0 c:/program files (x86)/atollic/truestudio for stm32 9.0.1/armtools/bin/../lib/gcc/arm-atollic-eabi/6.3.1/armv7e-m/fpu/crtbegin.o

.ccmram         0x10000000        0x0 load address 0x0800ae00
                0x10000000                . = ALIGN (0x4)
                0x10000000                _sccmram = .
 *(.ccmram)
 *(.ccmram*)
                0x10000000                . = ALIGN (0x4)
                0x10000000                _eccmram = .
                0x10000000                . = ALIGN (0x4)

.bss            0x20000090     0x1088
                0x20000090                _sbss = .
                0x20000090                __bss_start__ = _sbss
 *(.bss)
 .bss           0x20000090       0x1c c:/program files (x86)/atollic/truestudio for stm32 9.0.1/armtools/bin/../lib/gcc/arm-atollic-eabi/6.3.1/armv7e-m/fpu/crtbegin.o
 *(.bss*)
 .bss.FatFs     0x200000ac        0x4 Middlewares\Third_Party\FatFs\src\ff.o
 .bss.Fsid      0x200000b0        0x2 Middlewares\Third_Party\FatFs\src\ff.o
 *fill*         0x200000b2        0x2 
 .bss.Files     0x200000b4       0x20 Middlewares\Third_Party\FatFs\src\ff.o
 .bss.disk      0x200000d4        0xc Middlewares\Third_Party\FatFs\src\ff_gen_drv.o
                0x200000d4                disk
 .bss.Appli_state
                0x200000e0        0x1 USB_HOST\usb_host.o
                0x200000e0                Appli_state
 *fill*         0x200000e1        0x3 
 .bss.__malloc_free_list
                0x200000e4        0x4 c:/program files (x86)/atollic/truestudio for stm32 9.0.1/armtools/bin/../lib/gcc/arm-atollic-eabi/6.3.1/../../../../arm-atollic-eabi/lib/armv7e-m/fpu\libc_nano.a(lib_a-nano-mallocr.o)
                0x200000e4                __malloc_free_list
 .bss.__malloc_sbrk_start
                0x200000e8        0x4 c:/program files (x86)/atollic/truestudio for stm32 9.0.1/armtools/bin/../lib/gcc/arm-atollic-eabi/6.3.1/../../../../arm-atollic-eabi/lib/armv7e-m/fpu\libc_nano.a(lib_a-nano-mallocr.o)
                0x200000e8                __malloc_sbrk_start
 .bss.heap_end.5239
                0x200000ec        0x4 c:/program files (x86)/atollic/truestudio for stm32 9.0.1/armtools/bin/../lib/gcc/arm-atollic-eabi/6.3.1/../../../../arm-atollic-eabi/lib/armv7e-m/fpu\libnosys.a(sbrk.o)
 *(COMMON)
 COMMON         0x200000f0       0x54 Core\Src\i2c.o
                0x200000f0                hi2c1
 COMMON         0x20000144       0x48 Core\Src\i2s.o
                0x20000144                hi2s3
 COMMON         0x2000018c      0x464 Core\Src\main.o
                0x2000018c                myFile
                0x200003bc                myBytes
                0x200003c0                myFatFS
 COMMON         0x200005f0       0x58 Core\Src\spi.o
                0x200005f0                hspi1
 COMMON         0x20000648        0x4 Drivers\STM32F4xx_HAL_Driver\Src\stm32f4xx_hal.o
                0x20000648                uwTick
 COMMON         0x2000064c      0x465 FATFS\fatfs.o
                0x2000064c                USBHPath
                0x20000650                USBHFile
                0x20000880                USBHFatFS
                0x20000ab0                retUSBH
 *fill*         0x20000ab1        0x3 
 COMMON         0x20000ab4      0x3c8 USB_HOST\usb_host.o
                0x20000ab4                hUsbHostFS
 COMMON         0x20000e7c      0x298 USB_HOST\usbh_conf.o
                0x20000e7c                hhcd_USB_OTG_FS
 COMMON         0x20001114        0x4 c:/program files (x86)/atollic/truestudio for stm32 9.0.1/armtools/bin/../lib/gcc/arm-atollic-eabi/6.3.1/../../../../arm-atollic-eabi/lib/armv7e-m/fpu\libc_nano.a(lib_a-reent.o)
                0x20001114                errno
                0x20001118                . = ALIGN (0x4)
                0x20001118                _ebss = .
                0x20001118                __bss_end__ = _ebss

._user_heap_stack
                0x20001118     0x6000
                0x20001118                . = ALIGN (0x4)
                0x20001118                PROVIDE (end, .)
                [!provide]                PROVIDE (_end, .)
                0x20003118                . = (. + _Min_Heap_Size)
 *fill*         0x20001118     0x2000 
                0x20007118                . = (. + _Min_Stack_Size)
 *fill*         0x20003118     0x4000 
                0x20007118                . = ALIGN (0x4)

/DISCARD/
 libc.a(*)
 libm.a(*)
 libgcc.a(*)

.ARM.attributes
                0x00000000       0x30
 *(.ARM.attributes)
 .ARM.attributes
                0x00000000       0x22 c:/program files (x86)/atollic/truestudio for stm32 9.0.1/armtools/bin/../lib/gcc/arm-atollic-eabi/6.3.1/armv7e-m/fpu/crti.o
 .ARM.attributes
                0x00000022       0x34 c:/program files (x86)/atollic/truestudio for stm32 9.0.1/armtools/bin/../lib/gcc/arm-atollic-eabi/6.3.1/armv7e-m/fpu/crtbegin.o
 .ARM.attributes
                0x00000056       0x39 Core\Src\gpio.o
 .ARM.attributes
                0x0000008f       0x39 Core\Src\i2c.o
 .ARM.attributes
                0x000000c8       0x39 Core\Src\i2s.o
 .ARM.attributes
                0x00000101       0x39 Core\Src\main.o
 .ARM.attributes
                0x0000013a       0x39 Core\Src\spi.o
 .ARM.attributes
                0x00000173       0x39 Core\Src\stm32f4xx_hal_msp.o
 .ARM.attributes
                0x000001ac       0x39 Core\Src\stm32f4xx_it.o
 .ARM.attributes
                0x000001e5       0x39 Core\Src\system_stm32f4xx.o
 .ARM.attributes
                0x0000021e       0x39 Drivers\STM32F4xx_HAL_Driver\Src\stm32f4xx_hal.o
 .ARM.attributes
                0x00000257       0x39 Drivers\STM32F4xx_HAL_Driver\Src\stm32f4xx_hal_cortex.o
 .ARM.attributes
                0x00000290       0x39 Drivers\STM32F4xx_HAL_Driver\Src\stm32f4xx_hal_gpio.o
 .ARM.attributes
                0x000002c9       0x39 Drivers\STM32F4xx_HAL_Driver\Src\stm32f4xx_hal_hcd.o
 .ARM.attributes
                0x00000302       0x39 Drivers\STM32F4xx_HAL_Driver\Src\stm32f4xx_hal_i2c.o
 .ARM.attributes
                0x0000033b       0x39 Drivers\STM32F4xx_HAL_Driver\Src\stm32f4xx_hal_i2s.o
 .ARM.attributes
                0x00000374       0x39 Drivers\STM32F4xx_HAL_Driver\Src\stm32f4xx_hal_i2s_ex.o
 .ARM.attributes
                0x000003ad       0x39 Drivers\STM32F4xx_HAL_Driver\Src\stm32f4xx_hal_rcc.o
 .ARM.attributes
                0x000003e6       0x39 Drivers\STM32F4xx_HAL_Driver\Src\stm32f4xx_hal_rcc_ex.o
 .ARM.attributes
                0x0000041f       0x39 Drivers\STM32F4xx_HAL_Driver\Src\stm32f4xx_hal_spi.o
 .ARM.attributes
                0x00000458       0x39 Drivers\STM32F4xx_HAL_Driver\Src\stm32f4xx_ll_usb.o
 .ARM.attributes
                0x00000491       0x39 FATFS\fatfs.o
 .ARM.attributes
                0x000004ca       0x39 FATFS\usbh_diskio.o
 .ARM.attributes
                0x00000503       0x39 Middlewares\ST\STM32_USB_Host_Library\Class\MSC\Src\usbh_msc.o
 .ARM.attributes
                0x0000053c       0x39 Middlewares\ST\STM32_USB_Host_Library\Class\MSC\Src\usbh_msc_bot.o
 .ARM.attributes
                0x00000575       0x39 Middlewares\ST\STM32_USB_Host_Library\Class\MSC\Src\usbh_msc_scsi.o
 .ARM.attributes
                0x000005ae       0x39 Middlewares\ST\STM32_USB_Host_Library\Core\Src\usbh_core.o
 .ARM.attributes
                0x000005e7       0x39 Middlewares\ST\STM32_USB_Host_Library\Core\Src\usbh_ctlreq.o
 .ARM.attributes
                0x00000620       0x39 Middlewares\ST\STM32_USB_Host_Library\Core\Src\usbh_ioreq.o
 .ARM.attributes
                0x00000659       0x39 Middlewares\ST\STM32_USB_Host_Library\Core\Src\usbh_pipes.o
 .ARM.attributes
                0x00000692       0x39 Middlewares\Third_Party\FatFs\src\diskio.o
 .ARM.attributes
                0x000006cb       0x39 Middlewares\Third_Party\FatFs\src\ff.o
 .ARM.attributes
                0x00000704       0x39 Middlewares\Third_Party\FatFs\src\ff_gen_drv.o
 .ARM.attributes
                0x0000073d       0x39 USB_HOST\Target\usbh_platform.o
 .ARM.attributes
                0x00000776       0x39 USB_HOST\usb_host.o
 .ARM.attributes
                0x000007af       0x39 USB_HOST\usbh_conf.o
 .ARM.attributes
                0x000007e8       0x21 startup\startup_stm32f407xx.o
 .ARM.attributes
                0x00000809       0x34 c:/program files (x86)/atollic/truestudio for stm32 9.0.1/armtools/bin/../lib/gcc/arm-atollic-eabi/6.3.1/../../../../arm-atollic-eabi/lib/armv7e-m/fpu\libc_nano.a(lib_a-init.o)
 .ARM.attributes
                0x0000083d       0x34 c:/program files (x86)/atollic/truestudio for stm32 9.0.1/armtools/bin/../lib/gcc/arm-atollic-eabi/6.3.1/../../../../arm-atollic-eabi/lib/armv7e-m/fpu\libc_nano.a(lib_a-malloc.o)
 .ARM.attributes
                0x00000871       0x34 c:/program files (x86)/atollic/truestudio for stm32 9.0.1/armtools/bin/../lib/gcc/arm-atollic-eabi/6.3.1/../../../../arm-atollic-eabi/lib/armv7e-m/fpu\libc_nano.a(lib_a-memcpy-stub.o)
 .ARM.attributes
                0x000008a5       0x34 c:/program files (x86)/atollic/truestudio for stm32 9.0.1/armtools/bin/../lib/gcc/arm-atollic-eabi/6.3.1/../../../../arm-atollic-eabi/lib/armv7e-m/fpu\libc_nano.a(lib_a-memset.o)
 .ARM.attributes
                0x000008d9       0x34 c:/program files (x86)/atollic/truestudio for stm32 9.0.1/armtools/bin/../lib/gcc/arm-atollic-eabi/6.3.1/../../../../arm-atollic-eabi/lib/armv7e-m/fpu\libc_nano.a(lib_a-nano-freer.o)
 .ARM.attributes
                0x0000090d       0x34 c:/program files (x86)/atollic/truestudio for stm32 9.0.1/armtools/bin/../lib/gcc/arm-atollic-eabi/6.3.1/../../../../arm-atollic-eabi/lib/armv7e-m/fpu\libc_nano.a(lib_a-nano-mallocr.o)
 .ARM.attributes
                0x00000941       0x34 c:/program files (x86)/atollic/truestudio for stm32 9.0.1/armtools/bin/../lib/gcc/arm-atollic-eabi/6.3.1/../../../../arm-atollic-eabi/lib/armv7e-m/fpu\libc_nano.a(lib_a-sbrkr.o)
 .ARM.attributes
                0x00000975       0x34 c:/program files (x86)/atollic/truestudio for stm32 9.0.1/armtools/bin/../lib/gcc/arm-atollic-eabi/6.3.1/../../../../arm-atollic-eabi/lib/armv7e-m/fpu\libc_nano.a(lib_a-impure.o)
 .ARM.attributes
                0x000009a9       0x34 c:/program files (x86)/atollic/truestudio for stm32 9.0.1/armtools/bin/../lib/gcc/arm-atollic-eabi/6.3.1/../../../../arm-atollic-eabi/lib/armv7e-m/fpu\libc_nano.a(lib_a-mlock.o)
 .ARM.attributes
                0x000009dd       0x34 c:/program files (x86)/atollic/truestudio for stm32 9.0.1/armtools/bin/../lib/gcc/arm-atollic-eabi/6.3.1/../../../../arm-atollic-eabi/lib/armv7e-m/fpu\libc_nano.a(lib_a-reent.o)
 .ARM.attributes
                0x00000a11       0x22 c:/program files (x86)/atollic/truestudio for stm32 9.0.1/armtools/bin/../lib/gcc/arm-atollic-eabi/6.3.1/armv7e-m/fpu\libgcc.a(_aeabi_uldivmod.o)
 .ARM.attributes
                0x00000a33       0x34 c:/program files (x86)/atollic/truestudio for stm32 9.0.1/armtools/bin/../lib/gcc/arm-atollic-eabi/6.3.1/armv7e-m/fpu\libgcc.a(_udivmoddi4.o)
 .ARM.attributes
                0x00000a67       0x22 c:/program files (x86)/atollic/truestudio for stm32 9.0.1/armtools/bin/../lib/gcc/arm-atollic-eabi/6.3.1/armv7e-m/fpu\libgcc.a(_dvmd_tls.o)
 .ARM.attributes
                0x00000a89       0x34 c:/program files (x86)/atollic/truestudio for stm32 9.0.1/armtools/bin/../lib/gcc/arm-atollic-eabi/6.3.1/../../../../arm-atollic-eabi/lib/armv7e-m/fpu\libnosys.a(sbrk.o)
 .ARM.attributes
                0x00000abd       0x22 c:/program files (x86)/atollic/truestudio for stm32 9.0.1/armtools/bin/../lib/gcc/arm-atollic-eabi/6.3.1/armv7e-m/fpu/crtn.o
OUTPUT(0713002.elf elf32-littlearm)

.debug_info     0x00000000    0x2e360
 .debug_info    0x00000000      0xcc2 Core\Src\gpio.o
 .debug_info    0x00000cc2     0x1179 Core\Src\i2c.o
 .debug_info    0x00001e3b     0x112d Core\Src\i2s.o
 .debug_info    0x00002f68     0x25a4 Core\Src\main.o
 .debug_info    0x0000550c     0x1152 Core\Src\spi.o
 .debug_info    0x0000665e      0xd48 Core\Src\stm32f4xx_hal_msp.o
 .debug_info    0x000073a6      0xddc Core\Src\stm32f4xx_it.o
 .debug_info    0x00008182      0xd17 Core\Src\system_stm32f4xx.o
 .debug_info    0x00008e99     0x111e Drivers\STM32F4xx_HAL_Driver\Src\stm32f4xx_hal.o
 .debug_info    0x00009fb7     0x15e2 Drivers\STM32F4xx_HAL_Driver\Src\stm32f4xx_hal_cortex.o
 .debug_info    0x0000b599      0xf76 Drivers\STM32F4xx_HAL_Driver\Src\stm32f4xx_hal_gpio.o
 .debug_info    0x0000c50f     0x1513 Drivers\STM32F4xx_HAL_Driver\Src\stm32f4xx_hal_hcd.o
 .debug_info    0x0000da22     0x2884 Drivers\STM32F4xx_HAL_Driver\Src\stm32f4xx_hal_i2c.o
 .debug_info    0x000102a6     0x159d Drivers\STM32F4xx_HAL_Driver\Src\stm32f4xx_hal_i2s.o
 .debug_info    0x00011843     0x1295 Drivers\STM32F4xx_HAL_Driver\Src\stm32f4xx_hal_i2s_ex.o
 .debug_info    0x00012ad8     0x10b6 Drivers\STM32F4xx_HAL_Driver\Src\stm32f4xx_hal_rcc.o
 .debug_info    0x00013b8e      0xd6e Drivers\STM32F4xx_HAL_Driver\Src\stm32f4xx_hal_rcc_ex.o
 .debug_info    0x000148fc     0x1cf9 Drivers\STM32F4xx_HAL_Driver\Src\stm32f4xx_hal_spi.o
 .debug_info    0x000165f5     0x1c82 Drivers\STM32F4xx_HAL_Driver\Src\stm32f4xx_ll_usb.o
 .debug_info    0x00018277     0x1505 FATFS\fatfs.o
 .debug_info    0x0001977c     0x15f8 FATFS\usbh_diskio.o
 .debug_info    0x0001ad74     0x1a6b Middlewares\ST\STM32_USB_Host_Library\Class\MSC\Src\usbh_msc.o
 .debug_info    0x0001c7df     0x188a Middlewares\ST\STM32_USB_Host_Library\Class\MSC\Src\usbh_msc_bot.o
 .debug_info    0x0001e069     0x18e8 Middlewares\ST\STM32_USB_Host_Library\Class\MSC\Src\usbh_msc_scsi.o
 .debug_info    0x0001f951     0x1590 Middlewares\ST\STM32_USB_Host_Library\Core\Src\usbh_core.o
 .debug_info    0x00020ee1     0x16a3 Middlewares\ST\STM32_USB_Host_Library\Core\Src\usbh_ctlreq.o
 .debug_info    0x00022584     0x1430 Middlewares\ST\STM32_USB_Host_Library\Core\Src\usbh_ioreq.o
 .debug_info    0x000239b4     0x1273 Middlewares\ST\STM32_USB_Host_Library\Core\Src\usbh_pipes.o
 .debug_info    0x00024c27     0x1456 Middlewares\Third_Party\FatFs\src\diskio.o
 .debug_info    0x0002607d     0x31d5 Middlewares\Third_Party\FatFs\src\ff.o
 .debug_info    0x00029252     0x13ee Middlewares\Third_Party\FatFs\src\ff_gen_drv.o
 .debug_info    0x0002a640      0xa3c USB_HOST\Target\usbh_platform.o
 .debug_info    0x0002b07c     0x11c5 USB_HOST\usb_host.o
 .debug_info    0x0002c241     0x20a3 USB_HOST\usbh_conf.o
 .debug_info    0x0002e2e4       0x7c startup\startup_stm32f407xx.o

.debug_abbrev   0x00000000     0x554b
 .debug_abbrev  0x00000000      0x1c0 Core\Src\gpio.o
 .debug_abbrev  0x000001c0      0x1eb Core\Src\i2c.o
 .debug_abbrev  0x000003ab      0x1eb Core\Src\i2s.o
 .debug_abbrev  0x00000596      0x2da Core\Src\main.o
 .debug_abbrev  0x00000870      0x1eb Core\Src\spi.o
 .debug_abbrev  0x00000a5b      0x1c9 Core\Src\stm32f4xx_hal_msp.o
 .debug_abbrev  0x00000c24      0x1b9 Core\Src\stm32f4xx_it.o
 .debug_abbrev  0x00000ddd      0x1ca Core\Src\system_stm32f4xx.o
 .debug_abbrev  0x00000fa7      0x280 Drivers\STM32F4xx_HAL_Driver\Src\stm32f4xx_hal.o
 .debug_abbrev  0x00001227      0x371 Drivers\STM32F4xx_HAL_Driver\Src\stm32f4xx_hal_cortex.o
 .debug_abbrev  0x00001598      0x24c Drivers\STM32F4xx_HAL_Driver\Src\stm32f4xx_hal_gpio.o
 .debug_abbrev  0x000017e4      0x2c2 Drivers\STM32F4xx_HAL_Driver\Src\stm32f4xx_hal_hcd.o
 .debug_abbrev  0x00001aa6      0x2a1 Drivers\STM32F4xx_HAL_Driver\Src\stm32f4xx_hal_i2c.o
 .debug_abbrev  0x00001d47      0x2b4 Drivers\STM32F4xx_HAL_Driver\Src\stm32f4xx_hal_i2s.o
 .debug_abbrev  0x00001ffb      0x289 Drivers\STM32F4xx_HAL_Driver\Src\stm32f4xx_hal_i2s_ex.o
 .debug_abbrev  0x00002284      0x2c8 Drivers\STM32F4xx_HAL_Driver\Src\stm32f4xx_hal_rcc.o
 .debug_abbrev  0x0000254c      0x221 Drivers\STM32F4xx_HAL_Driver\Src\stm32f4xx_hal_rcc_ex.o
 .debug_abbrev  0x0000276d      0x2ac Drivers\STM32F4xx_HAL_Driver\Src\stm32f4xx_hal_spi.o
 .debug_abbrev  0x00002a19      0x2c8 Drivers\STM32F4xx_HAL_Driver\Src\stm32f4xx_ll_usb.o
 .debug_abbrev  0x00002ce1      0x25b FATFS\fatfs.o
 .debug_abbrev  0x00002f3c      0x281 FATFS\usbh_diskio.o
 .debug_abbrev  0x000031bd      0x307 Middlewares\ST\STM32_USB_Host_Library\Class\MSC\Src\usbh_msc.o
 .debug_abbrev  0x000034c4      0x2c8 Middlewares\ST\STM32_USB_Host_Library\Class\MSC\Src\usbh_msc_bot.o
 .debug_abbrev  0x0000378c      0x2ae Middlewares\ST\STM32_USB_Host_Library\Class\MSC\Src\usbh_msc_scsi.o
 .debug_abbrev  0x00003a3a      0x34c Middlewares\ST\STM32_USB_Host_Library\Core\Src\usbh_core.o
 .debug_abbrev  0x00003d86      0x305 Middlewares\ST\STM32_USB_Host_Library\Core\Src\usbh_ctlreq.o
 .debug_abbrev  0x0000408b      0x263 Middlewares\ST\STM32_USB_Host_Library\Core\Src\usbh_ioreq.o
 .debug_abbrev  0x000042ee      0x29b Middlewares\ST\STM32_USB_Host_Library\Core\Src\usbh_pipes.o
 .debug_abbrev  0x00004589      0x28e Middlewares\Third_Party\FatFs\src\diskio.o
 .debug_abbrev  0x00004817      0x314 Middlewares\Third_Party\FatFs\src\ff.o
 .debug_abbrev  0x00004b2b      0x2bb Middlewares\Third_Party\FatFs\src\ff_gen_drv.o
 .debug_abbrev  0x00004de6      0x1bb USB_HOST\Target\usbh_platform.o
 .debug_abbrev  0x00004fa1      0x261 USB_HOST\usb_host.o
 .debug_abbrev  0x00005202      0x337 USB_HOST\usbh_conf.o
 .debug_abbrev  0x00005539       0x12 startup\startup_stm32f407xx.o

.debug_aranges  0x00000000     0x13a0
 .debug_aranges
                0x00000000       0x20 Core\Src\gpio.o
 .debug_aranges
                0x00000020       0x30 Core\Src\i2c.o
 .debug_aranges
                0x00000050       0x30 Core\Src\i2s.o
 .debug_aranges
                0x00000080       0x38 Core\Src\main.o
 .debug_aranges
                0x000000b8       0x30 Core\Src\spi.o
 .debug_aranges
                0x000000e8       0x20 Core\Src\stm32f4xx_hal_msp.o
 .debug_aranges
                0x00000108       0x28 Core\Src\stm32f4xx_it.o
 .debug_aranges
                0x00000130       0x28 Core\Src\system_stm32f4xx.o
 .debug_aranges
                0x00000158       0xe0 Drivers\STM32F4xx_HAL_Driver\Src\stm32f4xx_hal.o
 .debug_aranges
                0x00000238      0x118 Drivers\STM32F4xx_HAL_Driver\Src\stm32f4xx_hal_cortex.o
 .debug_aranges
                0x00000350       0x58 Drivers\STM32F4xx_HAL_Driver\Src\stm32f4xx_hal_gpio.o
 .debug_aranges
                0x000003a8       0xe0 Drivers\STM32F4xx_HAL_Driver\Src\stm32f4xx_hal_hcd.o
 .debug_aranges
                0x00000488      0x268 Drivers\STM32F4xx_HAL_Driver\Src\stm32f4xx_hal_i2c.o
 .debug_aranges
                0x000006f0      0x108 Drivers\STM32F4xx_HAL_Driver\Src\stm32f4xx_hal_i2s.o
 .debug_aranges
                0x000007f8       0x78 Drivers\STM32F4xx_HAL_Driver\Src\stm32f4xx_hal_i2s_ex.o
 .debug_aranges
                0x00000870       0x88 Drivers\STM32F4xx_HAL_Driver\Src\stm32f4xx_hal_rcc.o
 .debug_aranges
                0x000008f8       0x48 Drivers\STM32F4xx_HAL_Driver\Src\stm32f4xx_hal_rcc_ex.o
 .debug_aranges
                0x00000940      0x1c8 Drivers\STM32F4xx_HAL_Driver\Src\stm32f4xx_hal_spi.o
 .debug_aranges
                0x00000b08      0x180 Drivers\STM32F4xx_HAL_Driver\Src\stm32f4xx_ll_usb.o
 .debug_aranges
                0x00000c88       0x28 FATFS\fatfs.o
 .debug_aranges
                0x00000cb0       0x40 FATFS\usbh_diskio.o
 .debug_aranges
                0x00000cf0       0x78 Middlewares\ST\STM32_USB_Host_Library\Class\MSC\Src\usbh_msc.o
 .debug_aranges
                0x00000d68       0x48 Middlewares\ST\STM32_USB_Host_Library\Class\MSC\Src\usbh_msc_bot.o
 .debug_aranges
                0x00000db0       0x48 Middlewares\ST\STM32_USB_Host_Library\Class\MSC\Src\usbh_msc_scsi.o
 .debug_aranges
                0x00000df8       0xa8 Middlewares\ST\STM32_USB_Host_Library\Core\Src\usbh_core.o
 .debug_aranges
                0x00000ea0       0x98 Middlewares\ST\STM32_USB_Host_Library\Core\Src\usbh_ctlreq.o
 .debug_aranges
                0x00000f38       0x60 Middlewares\ST\STM32_USB_Host_Library\Core\Src\usbh_ioreq.o
 .debug_aranges
                0x00000f98       0x40 Middlewares\ST\STM32_USB_Host_Library\Core\Src\usbh_pipes.o
 .debug_aranges
                0x00000fd8       0x48 Middlewares\Third_Party\FatFs\src\diskio.o
 .debug_aranges
                0x00001020      0x208 Middlewares\Third_Party\FatFs\src\ff.o
 .debug_aranges
                0x00001228       0x40 Middlewares\Third_Party\FatFs\src\ff_gen_drv.o
 .debug_aranges
                0x00001268       0x20 USB_HOST\Target\usbh_platform.o
 .debug_aranges
                0x00001288       0x30 USB_HOST\usb_host.o
 .debug_aranges
                0x000012b8       0xc0 USB_HOST\usbh_conf.o
 .debug_aranges
                0x00001378       0x28 startup\startup_stm32f407xx.o

.debug_ranges   0x00000000     0x1178
 .debug_ranges  0x00000000       0x10 Core\Src\gpio.o
 .debug_ranges  0x00000010       0x20 Core\Src\i2c.o
 .debug_ranges  0x00000030       0x20 Core\Src\i2s.o
 .debug_ranges  0x00000050       0x28 Core\Src\main.o
 .debug_ranges  0x00000078       0x20 Core\Src\spi.o
 .debug_ranges  0x00000098       0x10 Core\Src\stm32f4xx_hal_msp.o
 .debug_ranges  0x000000a8       0x18 Core\Src\stm32f4xx_it.o
 .debug_ranges  0x000000c0       0x18 Core\Src\system_stm32f4xx.o
 .debug_ranges  0x000000d8       0xd0 Drivers\STM32F4xx_HAL_Driver\Src\stm32f4xx_hal.o
 .debug_ranges  0x000001a8      0x108 Drivers\STM32F4xx_HAL_Driver\Src\stm32f4xx_hal_cortex.o
 .debug_ranges  0x000002b0       0x48 Drivers\STM32F4xx_HAL_Driver\Src\stm32f4xx_hal_gpio.o
 .debug_ranges  0x000002f8       0xd0 Drivers\STM32F4xx_HAL_Driver\Src\stm32f4xx_hal_hcd.o
 .debug_ranges  0x000003c8      0x258 Drivers\STM32F4xx_HAL_Driver\Src\stm32f4xx_hal_i2c.o
 .debug_ranges  0x00000620       0xf8 Drivers\STM32F4xx_HAL_Driver\Src\stm32f4xx_hal_i2s.o
 .debug_ranges  0x00000718       0x68 Drivers\STM32F4xx_HAL_Driver\Src\stm32f4xx_hal_i2s_ex.o
 .debug_ranges  0x00000780       0x78 Drivers\STM32F4xx_HAL_Driver\Src\stm32f4xx_hal_rcc.o
 .debug_ranges  0x000007f8       0x38 Drivers\STM32F4xx_HAL_Driver\Src\stm32f4xx_hal_rcc_ex.o
 .debug_ranges  0x00000830      0x1b8 Drivers\STM32F4xx_HAL_Driver\Src\stm32f4xx_hal_spi.o
 .debug_ranges  0x000009e8      0x170 Drivers\STM32F4xx_HAL_Driver\Src\stm32f4xx_ll_usb.o
 .debug_ranges  0x00000b58       0x18 FATFS\fatfs.o
 .debug_ranges  0x00000b70       0x30 FATFS\usbh_diskio.o
 .debug_ranges  0x00000ba0       0x68 Middlewares\ST\STM32_USB_Host_Library\Class\MSC\Src\usbh_msc.o
 .debug_ranges  0x00000c08       0x38 Middlewares\ST\STM32_USB_Host_Library\Class\MSC\Src\usbh_msc_bot.o
 .debug_ranges  0x00000c40       0x38 Middlewares\ST\STM32_USB_Host_Library\Class\MSC\Src\usbh_msc_scsi.o
 .debug_ranges  0x00000c78       0x98 Middlewares\ST\STM32_USB_Host_Library\Core\Src\usbh_core.o
 .debug_ranges  0x00000d10       0x88 Middlewares\ST\STM32_USB_Host_Library\Core\Src\usbh_ctlreq.o
 .debug_ranges  0x00000d98       0x50 Middlewares\ST\STM32_USB_Host_Library\Core\Src\usbh_ioreq.o
 .debug_ranges  0x00000de8       0x30 Middlewares\ST\STM32_USB_Host_Library\Core\Src\usbh_pipes.o
 .debug_ranges  0x00000e18       0x38 Middlewares\Third_Party\FatFs\src\diskio.o
 .debug_ranges  0x00000e50      0x1f8 Middlewares\Third_Party\FatFs\src\ff.o
 .debug_ranges  0x00001048       0x30 Middlewares\Third_Party\FatFs\src\ff_gen_drv.o
 .debug_ranges  0x00001078       0x10 USB_HOST\Target\usbh_platform.o
 .debug_ranges  0x00001088       0x20 USB_HOST\usb_host.o
 .debug_ranges  0x000010a8       0xb0 USB_HOST\usbh_conf.o
 .debug_ranges  0x00001158       0x20 startup\startup_stm32f407xx.o

.debug_line     0x00000000     0xc768
 .debug_line    0x00000000      0x2ab Core\Src\gpio.o
 .debug_line    0x000002ab      0x309 Core\Src\i2c.o
 .debug_line    0x000005b4      0x30e Core\Src\i2s.o
 .debug_line    0x000008c2      0x52e Core\Src\main.o
 .debug_line    0x00000df0      0x30a Core\Src\spi.o
 .debug_line    0x000010fa      0x251 Core\Src\stm32f4xx_hal_msp.o
 .debug_line    0x0000134b      0x2be Core\Src\stm32f4xx_it.o
 .debug_line    0x00001609      0x275 Core\Src\system_stm32f4xx.o
 .debug_line    0x0000187e      0x491 Drivers\STM32F4xx_HAL_Driver\Src\stm32f4xx_hal.o
 .debug_line    0x00001d0f      0x5c9 Drivers\STM32F4xx_HAL_Driver\Src\stm32f4xx_hal_cortex.o
 .debug_line    0x000022d8      0x497 Drivers\STM32F4xx_HAL_Driver\Src\stm32f4xx_hal_gpio.o
 .debug_line    0x0000276f      0x6f9 Drivers\STM32F4xx_HAL_Driver\Src\stm32f4xx_hal_hcd.o
 .debug_line    0x00002e68     0x12ba Drivers\STM32F4xx_HAL_Driver\Src\stm32f4xx_hal_i2c.o
 .debug_line    0x00004122      0x8c8 Drivers\STM32F4xx_HAL_Driver\Src\stm32f4xx_hal_i2s.o
 .debug_line    0x000049ea      0xb28 Drivers\STM32F4xx_HAL_Driver\Src\stm32f4xx_hal_i2s_ex.o
 .debug_line    0x00005512      0x530 Drivers\STM32F4xx_HAL_Driver\Src\stm32f4xx_hal_rcc.o
 .debug_line    0x00005a42      0x3de Drivers\STM32F4xx_HAL_Driver\Src\stm32f4xx_hal_rcc_ex.o
 .debug_line    0x00005e20      0xc36 Drivers\STM32F4xx_HAL_Driver\Src\stm32f4xx_hal_spi.o
 .debug_line    0x00006a56      0x927 Drivers\STM32F4xx_HAL_Driver\Src\stm32f4xx_ll_usb.o
 .debug_line    0x0000737d      0x3aa FATFS\fatfs.o
 .debug_line    0x00007727      0x416 FATFS\usbh_diskio.o
 .debug_line    0x00007b3d      0x5bd Middlewares\ST\STM32_USB_Host_Library\Class\MSC\Src\usbh_msc.o
 .debug_line    0x000080fa      0x4bc Middlewares\ST\STM32_USB_Host_Library\Class\MSC\Src\usbh_msc_bot.o
 .debug_line    0x000085b6      0x47d Middlewares\ST\STM32_USB_Host_Library\Class\MSC\Src\usbh_msc_scsi.o
 .debug_line    0x00008a33      0x5cd Middlewares\ST\STM32_USB_Host_Library\Core\Src\usbh_core.o
 .debug_line    0x00009000      0x577 Middlewares\ST\STM32_USB_Host_Library\Core\Src\usbh_ctlreq.o
 .debug_line    0x00009577      0x3b7 Middlewares\ST\STM32_USB_Host_Library\Core\Src\usbh_ioreq.o
 .debug_line    0x0000992e      0x36f Middlewares\ST\STM32_USB_Host_Library\Core\Src\usbh_pipes.o
 .debug_line    0x00009c9d      0x3cf Middlewares\Third_Party\FatFs\src\diskio.o
 .debug_line    0x0000a06c     0x1731 Middlewares\Third_Party\FatFs\src\ff.o
 .debug_line    0x0000b79d      0x3ce Middlewares\Third_Party\FatFs\src\ff_gen_drv.o
 .debug_line    0x0000bb6b      0x28c USB_HOST\Target\usbh_platform.o
 .debug_line    0x0000bdf7      0x369 USB_HOST\usb_host.o
 .debug_line    0x0000c160      0x589 USB_HOST\usbh_conf.o
 .debug_line    0x0000c6e9       0x7f startup\startup_stm32f407xx.o

.debug_str      0x00000000     0x5e3b
 .debug_str     0x00000000      0x71c Core\Src\gpio.o
                                0x7e5 (size before relaxing)
 .debug_str     0x0000071c      0x4ee Core\Src\i2c.o
                                0xce6 (size before relaxing)
 .debug_str     0x00000c0a      0x1f5 Core\Src\i2s.o
                                0xc33 (size before relaxing)
 .debug_str     0x00000dff     0x11fb Core\Src\main.o
                               0x20fd (size before relaxing)
 .debug_str     0x00001ffa       0x4b Core\Src\spi.o
                                0xc2f (size before relaxing)
 .debug_str     0x00002045       0x2c Core\Src\stm32f4xx_hal_msp.o
                                0xc42 (size before relaxing)
 .debug_str     0x00002071      0x39f Core\Src\stm32f4xx_it.o
                                0xa6e (size before relaxing)
 .debug_str     0x00002410       0xaf Core\Src\system_stm32f4xx.o
                                0x7d0 (size before relaxing)
 .debug_str     0x000024bf      0x31d Drivers\STM32F4xx_HAL_Driver\Src\stm32f4xx_hal.o
                                0xf75 (size before relaxing)
 .debug_str     0x000027dc      0x3b4 Drivers\STM32F4xx_HAL_Driver\Src\stm32f4xx_hal_cortex.o
                               0x1091 (size before relaxing)
 .debug_str     0x00002b90      0x158 Drivers\STM32F4xx_HAL_Driver\Src\stm32f4xx_hal_gpio.o
                                0x967 (size before relaxing)
 .debug_str     0x00002ce8      0x394 Drivers\STM32F4xx_HAL_Driver\Src\stm32f4xx_hal_hcd.o
                                0xe07 (size before relaxing)
 .debug_str     0x0000307c      0x7a6 Drivers\STM32F4xx_HAL_Driver\Src\stm32f4xx_hal_i2c.o
                               0x1359 (size before relaxing)
 .debug_str     0x00003822      0x23f Drivers\STM32F4xx_HAL_Driver\Src\stm32f4xx_hal_i2s.o
                                0xd51 (size before relaxing)
 .debug_str     0x00003a61      0x1d1 Drivers\STM32F4xx_HAL_Driver\Src\stm32f4xx_hal_i2s_ex.o
                                0xc98 (size before relaxing)
 .debug_str     0x00003c32      0x1a3 Drivers\STM32F4xx_HAL_Driver\Src\stm32f4xx_hal_rcc.o
                                0xb13 (size before relaxing)
 .debug_str     0x00003dd5      0x113 Drivers\STM32F4xx_HAL_Driver\Src\stm32f4xx_hal_rcc_ex.o
                                0x91a (size before relaxing)
 .debug_str     0x00003ee8      0x4aa Drivers\STM32F4xx_HAL_Driver\Src\stm32f4xx_hal_spi.o
                                0xfb5 (size before relaxing)
 .debug_str     0x00004392      0x574 Drivers\STM32F4xx_HAL_Driver\Src\stm32f4xx_ll_usb.o
                               0x100d (size before relaxing)
 .debug_str     0x00004906       0x2b FATFS\fatfs.o
                                0xfb3 (size before relaxing)
 .debug_str     0x00004931      0x22f FATFS\usbh_diskio.o
                               0x10d8 (size before relaxing)
 .debug_str     0x00004b60      0x3d0 Middlewares\ST\STM32_USB_Host_Library\Class\MSC\Src\usbh_msc.o
                               0x13cd (size before relaxing)
 .debug_str     0x00004f30      0x1a7 Middlewares\ST\STM32_USB_Host_Library\Class\MSC\Src\usbh_msc_bot.o
                               0x1408 (size before relaxing)
 .debug_str     0x000050d7       0xe1 Middlewares\ST\STM32_USB_Host_Library\Class\MSC\Src\usbh_msc_scsi.o
                               0x133b (size before relaxing)
 .debug_str     0x000051b8      0x1cd Middlewares\ST\STM32_USB_Host_Library\Core\Src\usbh_core.o
                                0xffc (size before relaxing)
 .debug_str     0x00005385      0x20d Middlewares\ST\STM32_USB_Host_Library\Core\Src\usbh_ctlreq.o
                               0x10a4 (size before relaxing)
 .debug_str     0x00005592       0xfe Middlewares\ST\STM32_USB_Host_Library\Core\Src\usbh_ioreq.o
                                0xf1f (size before relaxing)
 .debug_str     0x00005690       0x97 Middlewares\ST\STM32_USB_Host_Library\Core\Src\usbh_pipes.o
                                0xea4 (size before relaxing)
 .debug_str     0x00005727       0x57 Middlewares\Third_Party\FatFs\src\diskio.o
                                0xeee (size before relaxing)
 .debug_str     0x0000577e      0x3e1 Middlewares\Third_Party\FatFs\src\ff.o
                               0x142e (size before relaxing)
 .debug_str     0x00005b5f       0xa2 Middlewares\Third_Party\FatFs\src\ff_gen_drv.o
                                0xf44 (size before relaxing)
 .debug_str     0x00005c01       0x33 USB_HOST\Target\usbh_platform.o
                                0x6d3 (size before relaxing)
 .debug_str     0x00005c34       0xb8 USB_HOST\usb_host.o
                                0xeb6 (size before relaxing)
 .debug_str     0x00005cec      0x14f USB_HOST\usbh_conf.o
                               0x1b4f (size before relaxing)

.comment        0x00000000       0x7c
 .comment       0x00000000       0x7c Core\Src\gpio.o
                                 0x7d (size before relaxing)
 .comment       0x0000007c       0x7d Core\Src\i2c.o
 .comment       0x0000007c       0x7d Core\Src\i2s.o
 .comment       0x0000007c       0x7d Core\Src\main.o
 .comment       0x0000007c       0x7d Core\Src\spi.o
 .comment       0x0000007c       0x7d Core\Src\stm32f4xx_hal_msp.o
 .comment       0x0000007c       0x7d Core\Src\stm32f4xx_it.o
 .comment       0x0000007c       0x7d Core\Src\system_stm32f4xx.o
 .comment       0x0000007c       0x7d Drivers\STM32F4xx_HAL_Driver\Src\stm32f4xx_hal.o
 .comment       0x0000007c       0x7d Drivers\STM32F4xx_HAL_Driver\Src\stm32f4xx_hal_cortex.o
 .comment       0x0000007c       0x7d Drivers\STM32F4xx_HAL_Driver\Src\stm32f4xx_hal_gpio.o
 .comment       0x0000007c       0x7d Drivers\STM32F4xx_HAL_Driver\Src\stm32f4xx_hal_hcd.o
 .comment       0x0000007c       0x7d Drivers\STM32F4xx_HAL_Driver\Src\stm32f4xx_hal_i2c.o
 .comment       0x0000007c       0x7d Drivers\STM32F4xx_HAL_Driver\Src\stm32f4xx_hal_i2s.o
 .comment       0x0000007c       0x7d Drivers\STM32F4xx_HAL_Driver\Src\stm32f4xx_hal_i2s_ex.o
 .comment       0x0000007c       0x7d Drivers\STM32F4xx_HAL_Driver\Src\stm32f4xx_hal_rcc.o
 .comment       0x0000007c       0x7d Drivers\STM32F4xx_HAL_Driver\Src\stm32f4xx_hal_rcc_ex.o
 .comment       0x0000007c       0x7d Drivers\STM32F4xx_HAL_Driver\Src\stm32f4xx_hal_spi.o
 .comment       0x0000007c       0x7d Drivers\STM32F4xx_HAL_Driver\Src\stm32f4xx_ll_usb.o
 .comment       0x0000007c       0x7d FATFS\fatfs.o
 .comment       0x0000007c       0x7d FATFS\usbh_diskio.o
 .comment       0x0000007c       0x7d Middlewares\ST\STM32_USB_Host_Library\Class\MSC\Src\usbh_msc.o
 .comment       0x0000007c       0x7d Middlewares\ST\STM32_USB_Host_Library\Class\MSC\Src\usbh_msc_bot.o
 .comment       0x0000007c       0x7d Middlewares\ST\STM32_USB_Host_Library\Class\MSC\Src\usbh_msc_scsi.o
 .comment       0x0000007c       0x7d Middlewares\ST\STM32_USB_Host_Library\Core\Src\usbh_core.o
 .comment       0x0000007c       0x7d Middlewares\ST\STM32_USB_Host_Library\Core\Src\usbh_ctlreq.o
 .comment       0x0000007c       0x7d Middlewares\ST\STM32_USB_Host_Library\Core\Src\usbh_ioreq.o
 .comment       0x0000007c       0x7d Middlewares\ST\STM32_USB_Host_Library\Core\Src\usbh_pipes.o
 .comment       0x0000007c       0x7d Middlewares\Third_Party\FatFs\src\diskio.o
 .comment       0x0000007c       0x7d Middlewares\Third_Party\FatFs\src\ff.o
 .comment       0x0000007c       0x7d Middlewares\Third_Party\FatFs\src\ff_gen_drv.o
 .comment       0x0000007c       0x7d USB_HOST\Target\usbh_platform.o
 .comment       0x0000007c       0x7d USB_HOST\usb_host.o
 .comment       0x0000007c       0x7d USB_HOST\usbh_conf.o

.debug_frame    0x00000000     0x507c
 .debug_frame   0x00000000       0x34 Core\Src\gpio.o
 .debug_frame   0x00000034       0x74 Core\Src\i2c.o
 .debug_frame   0x000000a8       0x74 Core\Src\i2s.o
 .debug_frame   0x0000011c       0x98 Core\Src\main.o
 .debug_frame   0x000001b4       0x74 Core\Src\spi.o
 .debug_frame   0x00000228       0x34 Core\Src\stm32f4xx_hal_msp.o
 .debug_frame   0x0000025c       0x48 Core\Src\stm32f4xx_it.o
 .debug_frame   0x000002a4       0x58 Core\Src\system_stm32f4xx.o
 .debug_frame   0x000002fc      0x33c Drivers\STM32F4xx_HAL_Driver\Src\stm32f4xx_hal.o
 .debug_frame   0x00000638      0x498 Drivers\STM32F4xx_HAL_Driver\Src\stm32f4xx_hal_cortex.o
 .debug_frame   0x00000ad0      0x14c Drivers\STM32F4xx_HAL_Driver\Src\stm32f4xx_hal_gpio.o
 .debug_frame   0x00000c1c      0x3d4 Drivers\STM32F4xx_HAL_Driver\Src\stm32f4xx_hal_hcd.o
 .debug_frame   0x00000ff0      0xb30 Drivers\STM32F4xx_HAL_Driver\Src\stm32f4xx_hal_i2c.o
 .debug_frame   0x00001b20      0x480 Drivers\STM32F4xx_HAL_Driver\Src\stm32f4xx_hal_i2s.o
 .debug_frame   0x00001fa0      0x1d8 Drivers\STM32F4xx_HAL_Driver\Src\stm32f4xx_hal_i2s_ex.o
 .debug_frame   0x00002178      0x1f8 Drivers\STM32F4xx_HAL_Driver\Src\stm32f4xx_hal_rcc.o
 .debug_frame   0x00002370       0xf0 Drivers\STM32F4xx_HAL_Driver\Src\stm32f4xx_hal_rcc_ex.o
 .debug_frame   0x00002460      0x7fc Drivers\STM32F4xx_HAL_Driver\Src\stm32f4xx_hal_spi.o
 .debug_frame   0x00002c5c      0x710 Drivers\STM32F4xx_HAL_Driver\Src\stm32f4xx_ll_usb.o
 .debug_frame   0x0000336c       0x4c FATFS\fatfs.o
 .debug_frame   0x000033b8       0xc8 FATFS\usbh_diskio.o
 .debug_frame   0x00003480      0x1e4 Middlewares\ST\STM32_USB_Host_Library\Class\MSC\Src\usbh_msc.o
 .debug_frame   0x00003664       0xf0 Middlewares\ST\STM32_USB_Host_Library\Class\MSC\Src\usbh_msc_bot.o
 .debug_frame   0x00003754       0xe8 Middlewares\ST\STM32_USB_Host_Library\Class\MSC\Src\usbh_msc_scsi.o
 .debug_frame   0x0000383c      0x2bc Middlewares\ST\STM32_USB_Host_Library\Core\Src\usbh_core.o
 .debug_frame   0x00003af8      0x268 Middlewares\ST\STM32_USB_Host_Library\Core\Src\usbh_ctlreq.o
 .debug_frame   0x00003d60      0x154 Middlewares\ST\STM32_USB_Host_Library\Core\Src\usbh_ioreq.o
 .debug_frame   0x00003eb4       0xcc Middlewares\ST\STM32_USB_Host_Library\Core\Src\usbh_pipes.o
 .debug_frame   0x00003f80       0xec Middlewares\Third_Party\FatFs\src\diskio.o
 .debug_frame   0x0000406c      0x94c Middlewares\Third_Party\FatFs\src\ff.o
 .debug_frame   0x000049b8       0xc8 Middlewares\Third_Party\FatFs\src\ff_gen_drv.o
 .debug_frame   0x00004a80       0x34 USB_HOST\Target\usbh_platform.o
 .debug_frame   0x00004ab4       0x70 USB_HOST\usb_host.o
 .debug_frame   0x00004b24      0x318 USB_HOST\usbh_conf.o
 .debug_frame   0x00004e3c       0x2c c:/program files (x86)/atollic/truestudio for stm32 9.0.1/armtools/bin/../lib/gcc/arm-atollic-eabi/6.3.1/../../../../arm-atollic-eabi/lib/armv7e-m/fpu\libc_nano.a(lib_a-init.o)
 .debug_frame   0x00004e68       0x30 c:/program files (x86)/atollic/truestudio for stm32 9.0.1/armtools/bin/../lib/gcc/arm-atollic-eabi/6.3.1/../../../../arm-atollic-eabi/lib/armv7e-m/fpu\libc_nano.a(lib_a-malloc.o)
 .debug_frame   0x00004e98       0x28 c:/program files (x86)/atollic/truestudio for stm32 9.0.1/armtools/bin/../lib/gcc/arm-atollic-eabi/6.3.1/../../../../arm-atollic-eabi/lib/armv7e-m/fpu\libc_nano.a(lib_a-memcpy-stub.o)
 .debug_frame   0x00004ec0       0x20 c:/program files (x86)/atollic/truestudio for stm32 9.0.1/armtools/bin/../lib/gcc/arm-atollic-eabi/6.3.1/../../../../arm-atollic-eabi/lib/armv7e-m/fpu\libc_nano.a(lib_a-memset.o)
 .debug_frame   0x00004ee0       0x38 c:/program files (x86)/atollic/truestudio for stm32 9.0.1/armtools/bin/../lib/gcc/arm-atollic-eabi/6.3.1/../../../../arm-atollic-eabi/lib/armv7e-m/fpu\libc_nano.a(lib_a-nano-freer.o)
 .debug_frame   0x00004f18       0x2c c:/program files (x86)/atollic/truestudio for stm32 9.0.1/armtools/bin/../lib/gcc/arm-atollic-eabi/6.3.1/../../../../arm-atollic-eabi/lib/armv7e-m/fpu\libc_nano.a(lib_a-nano-mallocr.o)
 .debug_frame   0x00004f44       0x2c c:/program files (x86)/atollic/truestudio for stm32 9.0.1/armtools/bin/../lib/gcc/arm-atollic-eabi/6.3.1/../../../../arm-atollic-eabi/lib/armv7e-m/fpu\libc_nano.a(lib_a-sbrkr.o)